******************************************************************************
             TMS320C2000 Linker PC v25.11.0                    
******************************************************************************
>> Linked Tue Mar 10 16:31:17 2026

OUTPUT FILE NAME:   <led_ex1_blinky.out>
ENTRY POINT SYMBOL: "code_start"  address: 00000000


MEMORY CONFIGURATION

         name            origin    length      used     unused   attr    fill
----------------------  --------  ---------  --------  --------  ----  --------
PAGE 0:
  BEGIN                 00000000   00000002  00000002  00000000  RWIX
  BOOT_RSVD             00000002   00000126  00000000  00000126  RWIX
  RAMM0                 00000128   000002d8  0000001e  000002ba  RWIX
  RAMM1                 00000400   000003f8  00000200  000001f8  RWIX
  RAMLS0                00008000   00000800  00000800  00000000  RWIX
  RAMLS1                00008800   00000800  000003b7  00000449  RWIX
  RAMLS2                00009000   00000800  00000000  00000800  RWIX
  RAMLS3                00009800   00000800  00000000  00000800  RWIX
  RAMLS4                0000a000   00000800  00000000  00000800  RWIX
  RAMLS5                0000a800   00000800  000001ca  00000636  RWIX
  RAMLS6_7              0000b000   00001000  00000000  00001000  RWIX
  RAMGS0                0000c000   00001000  00000000  00001000  RWIX
  RAMGS1                0000d000   00001000  00000000  00001000  RWIX
  RAMGS2                0000e000   00001000  00000000  00001000  RWIX
  RAMGS3                0000f000   00000ff8  00000000  00000ff8  RWIX
  FLASH_BANK0_SEC0      00080002   00000ffe  00000000  00000ffe  RWIX
  FLASH_BANK0_SEC1      00081000   00001000  00000000  00001000  RWIX
  FLASH_BANK0_SEC2      00082000   00001000  00000000  00001000  RWIX
  FLASH_BANK0_SEC3      00083000   00001000  00000000  00001000  RWIX
  FLASH_BANK0_SEC4      00084000   00001000  00000000  00001000  RWIX
  FLASH_BANK0_SEC5      00085000   00001000  00000000  00001000  RWIX
  FLASH_BANK0_SEC6      00086000   00001000  00000000  00001000  RWIX
  FLASH_BANK0_SEC7      00087000   00001000  00000000  00001000  RWIX
  FLASH_BANK0_SEC8      00088000   00001000  00000000  00001000  RWIX
  FLASH_BANK0_SEC9      00089000   00001000  00000000  00001000  RWIX
  FLASH_BANK0_SEC10     0008a000   00001000  00000000  00001000  RWIX
  FLASH_BANK0_SEC11     0008b000   00001000  00000000  00001000  RWIX
  FLASH_BANK0_SEC12     0008c000   00001000  00000000  00001000  RWIX
  FLASH_BANK0_SEC13     0008d000   00001000  00000000  00001000  RWIX
  FLASH_BANK0_SEC14     0008e000   00001000  00000000  00001000  RWIX
  FLASH_BANK0_SEC15     0008f000   00001000  00000000  00001000  RWIX
  FLASH_BANK1_SEC0      00090000   00001000  00000000  00001000  RWIX
  FLASH_BANK1_SEC1      00091000   00001000  00000000  00001000  RWIX
  FLASH_BANK1_SEC2      00092000   00001000  00000000  00001000  RWIX
  FLASH_BANK1_SEC3      00093000   00001000  00000000  00001000  RWIX
  FLASH_BANK1_SEC4      00094000   00001000  00000000  00001000  RWIX
  FLASH_BANK1_SEC5      00095000   00001000  00000000  00001000  RWIX
  FLASH_BANK1_SEC6      00096000   00001000  00000000  00001000  RWIX
  FLASH_BANK1_SEC7      00097000   00001000  00000000  00001000  RWIX
  FLASH_BANK1_SEC8      00098000   00001000  00000000  00001000  RWIX
  FLASH_BANK1_SEC9      00099000   00001000  00000000  00001000  RWIX
  FLASH_BANK1_SEC10     0009a000   00001000  00000000  00001000  RWIX
  FLASH_BANK1_SEC11     0009b000   00001000  00000000  00001000  RWIX
  FLASH_BANK1_SEC12     0009c000   00001000  00000000  00001000  RWIX
  FLASH_BANK1_SEC13     0009d000   00001000  00000000  00001000  RWIX
  FLASH_BANK1_SEC14     0009e000   00001000  00000000  00001000  RWIX
  FLASH_BANK1_SEC15     0009f000   00001000  00000000  00001000  RWIX
  FLASH_BANK2_SEC0      000a0000   00001000  00000000  00001000  RWIX
  FLASH_BANK2_SEC1      000a1000   00001000  00000000  00001000  RWIX
  FLASH_BANK2_SEC2      000a2000   00001000  00000000  00001000  RWIX
  FLASH_BANK2_SEC3      000a3000   00001000  00000000  00001000  RWIX
  FLASH_BANK2_SEC4      000a4000   00001000  00000000  00001000  RWIX
  FLASH_BANK2_SEC5      000a5000   00001000  00000000  00001000  RWIX
  FLASH_BANK2_SEC6      000a6000   00001000  00000000  00001000  RWIX
  FLASH_BANK2_SEC7      000a7000   00001000  00000000  00001000  RWIX
  FLASH_BANK2_SEC8      000a8000   00001000  00000000  00001000  RWIX
  FLASH_BANK2_SEC9      000a9000   00001000  00000000  00001000  RWIX
  FLASH_BANK2_SEC10     000aa000   00001000  00000000  00001000  RWIX
  FLASH_BANK2_SEC11     000ab000   00001000  00000000  00001000  RWIX
  FLASH_BANK2_SEC12     000ac000   00001000  00000000  00001000  RWIX
  FLASH_BANK2_SEC13     000ad000   00001000  00000000  00001000  RWIX
  FLASH_BANK2_SEC14     000ae000   00001000  00000000  00001000  RWIX
  FLASH_BANK2_SEC15     000af000   00000ff0  00000000  00000ff0  RWIX
  SECURE_ROM            003f2000   00006000  00000000  00006000  RWIX
  BOOTROM               003f8000   00007fc0  00000000  00007fc0  RWIX
  RESET                 003fffc0   00000002  00000000  00000002  RWIX

PAGE 1:
  ADCARESULT            00000b00   00000018  00000000  00000018  RWIX
  ADCBRESULT            00000b20   00000018  00000000  00000018  RWIX
  ADCCRESULT            00000b40   00000018  00000000  00000018  RWIX
  CPUTIMER0             00000c00   00000008  00000000  00000008  RWIX
  CPUTIMER1             00000c08   00000008  00000000  00000008  RWIX
  CPUTIMER2             00000c10   00000008  00000000  00000008  RWIX
  PIECTRL               00000ce0   0000001a  0000001a  00000000  RWIX
  PIEVECTTABLE          00000d00   00000200  000001c0  00000040  RWIX
  DMA                   00001000   00000200  00000000  00000200  RWIX
  CLA1                  00001400   00000080  00000000  00000080  RWIX
  CLB1LOGICCFG          00003000   00000052  00000000  00000052  RWIX
  CLB1LOGICCTRL         00003100   00000040  00000000  00000040  RWIX
  CLB1DATAEXCH          00003180   00000080  00000000  00000080  RWIX
  CLB2LOGICCFG          00003400   00000052  00000000  00000052  RWIX
  CLB2LOGICCTRL         00003500   00000040  00000000  00000040  RWIX
  CLB2DATAEXCH          00003580   00000080  00000000  00000080  RWIX
  CLB3LOGICCFG          00003800   00000052  00000000  00000052  RWIX
  CLB3LOGICCTRL         00003900   00000040  00000000  00000040  RWIX
  CLB3DATAEXCH          00003980   00000080  00000000  00000080  RWIX
  CLB4LOGICCFG          00003c00   00000052  00000000  00000052  RWIX
  CLB4LOGICCTRL         00003d00   00000040  00000000  00000040  RWIX
  CLB4DATAEXCH          00003d80   00000080  00000000  00000080  RWIX
  EPWM1                 00004000   00000100  00000000  00000100  RWIX
  EPWM2                 00004100   00000100  00000000  00000100  RWIX
  EPWM3                 00004200   00000100  00000000  00000100  RWIX
  EPWM4                 00004300   00000100  00000000  00000100  RWIX
  EPWM5                 00004400   00000100  00000000  00000100  RWIX
  EPWM6                 00004500   00000100  00000000  00000100  RWIX
  EPWM7                 00004600   00000100  00000000  00000100  RWIX
  EPWM8                 00004700   00000100  00000000  00000100  RWIX
  EQEP1                 00005100   00000040  00000000  00000040  RWIX
  EQEP2                 00005140   00000040  00000000  00000040  RWIX
  ECAP1                 00005200   00000020  00000000  00000020  RWIX
  ECAP2                 00005240   00000020  00000000  00000020  RWIX
  ECAP3                 00005280   00000020  00000000  00000020  RWIX
  HRCAP3                000052a0   00000020  00000000  00000020  RWIX
  DACA                  00005c00   00000008  00000000  00000008  RWIX
  DACB                  00005c10   00000008  00000000  00000008  RWIX
  CMPSS1                00005c80   00000020  00000000  00000020  RWIX
  CMPSS2                00005ca0   00000020  00000000  00000020  RWIX
  CMPSS3                00005cc0   00000020  00000000  00000020  RWIX
  CMPSS4                00005ce0   00000020  00000000  00000020  RWIX
  SDFM1                 00005e00   00000080  00000000  00000080  RWIX
  SDFM2                 00005e80   00000080  00000000  00000080  RWIX
  SPIA                  00006100   00000010  00000000  00000010  RWIX
  SPIB                  00006110   00000010  00000000  00000010  RWIX
  BGCRCCPU              00006340   00000040  00000000  00000040  RWIX
  BGCRCCLA1             00006380   00000040  00000000  00000040  RWIX
  PMBUSA                00006400   00000020  00000000  00000020  RWIX
  HIC                   00006500   00000080  00000000  00000080  RWIX
  FSITXA                00006600   00000050  00000000  00000050  RWIX
  FSIRXA                00006680   00000050  00000000  00000050  RWIX
  LINA                  00006a00   000000ec  00000000  000000ec  RWIX
  LINB                  00006b00   000000ec  00000000  000000ec  RWIX
  WD                    00007000   0000002c  0000002b  00000001  RWIX
  NMIINTRUPT            00007060   00000010  00000000  00000010  RWIX
  XINT                  00007070   0000000c  00000000  0000000c  RWIX
  SCIA                  00007200   00000010  00000000  00000010  RWIX
  SCIB                  00007210   00000010  00000000  00000010  RWIX
  I2CA                  00007300   00000022  00000000  00000022  RWIX
  I2CB                  00007340   00000022  00000000  00000022  RWIX
  ADCA                  00007400   00000080  00000000  00000080  RWIX
  ADCB                  00007480   00000080  00000000  00000080  RWIX
  ADCC                  00007500   00000080  00000000  00000080  RWIX
  INPUTXBAR             00007900   00000020  00000000  00000020  RWIX
  XBAR                  00007920   00000020  00000000  00000020  RWIX
  SYNCSOC               00007940   00000006  00000000  00000006  RWIX
  CLBINPUTXBAR          00007960   00000020  00000000  00000020  RWIX
  DMACLASRCSEL          00007980   0000001a  00000000  0000001a  RWIX
  EPWMXBAR              00007a00   00000040  00000000  00000040  RWIX
  CLBXBAR               00007a40   00000040  00000000  00000040  RWIX
  OUTPUTXBAR            00007a80   00000040  00000000  00000040  RWIX
  CLBOUTPUTXBAR         00007bc0   00000040  00000000  00000040  RWIX
  GPIOCTRL              00007c00   00000200  00000200  00000000  RWIX
  GPIODATA              00007f00   00000040  0000003a  00000006  RWIX
  GPIODATAREAD          00007f80   00000010  00000000  00000010  RWIX
  LFU                   00007fe0   00000020  00000000  00000020  RWIX
  CANA                  00048000   00000200  00000000  00000200  RWIX
  MCANASS               0005c400   0000002c  00000000  0000002c  RWIX
  MCANA                 0005c600   00000100  00000000  00000100  RWIX
  MCANAERROR            0005c800   00000210  00000000  00000210  RWIX
  DEVCFG                0005d000   000001b0  00000000  000001b0  RWIX
  CLKCFG                0005d200   00000100  0000003e  000000c2  RWIX
  CPUSYS                0005d300   000000a0  000000a0  00000000  RWIX
  SYSSTATUS             0005d400   00000040  00000000  00000040  RWIX
  PERIPHAC              0005d500   00000200  00000000  00000200  RWIX
  ANALOGSUBSYS          0005d700   00000122  00000000  00000122  RWIX
  DCC0                  0005e700   00000038  0000002c  0000000c  RWIX
  DCC1                  0005e740   00000038  0000002c  0000000c  RWIX
  ERADGLOBAL            0005e800   00000014  00000000  00000014  RWIX
  ERADHWBP1             0005e900   00000008  00000000  00000008  RWIX
  ERADHWBP2             0005e908   00000008  00000000  00000008  RWIX
  ERADHWBP3             0005e910   00000008  00000000  00000008  RWIX
  ERADHWBP4             0005e918   00000008  00000000  00000008  RWIX
  ERADHWBP5             0005e920   00000008  00000000  00000008  RWIX
  ERADHWBP6             0005e928   00000008  00000000  00000008  RWIX
  ERADHWBP7             0005e930   00000008  00000000  00000008  RWIX
  ERADHWBP8             0005e938   00000008  00000000  00000008  RWIX
  ERADCOUNTER1          0005e980   00000010  00000000  00000010  RWIX
  ERADCOUNTER2          0005e990   00000010  00000000  00000010  RWIX
  ERADCOUNTER3          0005e9a0   00000010  00000000  00000010  RWIX
  ERADCOUNTER4          0005e9b0   00000010  00000000  00000010  RWIX
  ERADCRCGLOBAL         0005ea00   00000010  00000000  00000010  RWIX
  ERADCRC1              0005ea10   00000010  00000000  00000010  RWIX
  ERADCRC2              0005ea20   00000010  00000000  00000010  RWIX
  ERADCRC3              0005ea30   00000010  00000000  00000010  RWIX
  ERADCRC4              0005ea40   00000010  00000000  00000010  RWIX
  ERADCRC5              0005ea50   00000010  00000000  00000010  RWIX
  ERADCRC6              0005ea60   00000010  00000000  00000010  RWIX
  ERADCRC7              0005ea70   00000010  00000000  00000010  RWIX
  ERADCRC8              0005ea80   00000010  00000000  00000010  RWIX
  EPG1                  0005ec00   00000050  00000000  00000050  RWIX
  EPG1MUX               0005ecd0   00000010  00000000  00000010  RWIX
  DCSMZ1                0005f000   0000003e  00000000  0000003e  RWIX
  DCSMZ2                0005f080   0000003e  00000000  0000003e  RWIX
  DCSMCOMMON            0005f0c0   00000020  00000000  00000020  RWIX
  MEMCFG                0005f400   000000c0  00000000  000000c0  RWIX
  ACCESSPROTECTION      0005f500   00000040  00000000  00000040  RWIX
  MEMORYERROR           0005f540   00000040  00000000  00000040  RWIX
  TESTERROR             0005f590   00000010  00000000  00000010  RWIX
  FLASH0CTRL            0005f800   00000182  00000000  00000182  RWIX
  FLASH0ECC             0005fb00   00000028  00000000  00000028  RWIX
  UID                   00070200   00000010  00000000  00000010  RWIX
  DCSMZ1OTP             00078000   00000020  00000000  00000020  RWIX
  DCSMZ2OTP             00078200   00000020  00000000  00000020  RWIX


SECTION ALLOCATION MAP

 output                                  attributes/
section   page    origin      length       input sections
--------  ----  ----------  ----------   ----------------
codestart 
*          0    00000000    00000002     
                  00000000    00000002     f28003x_codestartbranch.obj (codestart)

.TI.ramfunc 
*          0    00000128    00000004     
                  00000128    00000004     f28003x_usdelay.obj (.TI.ramfunc)

.cinit     0    0000012c    0000001a     
                  0000012c    00000008     (.cinit..data.load) [load image, compression = lzss]
                  00000134    00000006     (__TI_handler_table)
                  0000013a    00000004     (.cinit.PieVectTableFile.load) [load image, compression = zero_init]
                  0000013e    00000008     (__TI_cinit_table)

.reset     0    003fffc0    00000000     DSECT

.stack     0    00000400    00000200     UNINITIALIZED
                  00000400    00000200     --HOLE--

.init_array 
*          0    00000128    00000000     UNINITIALIZED

.const     0    0000a800    000001c0     
                  0000a800    000001c0     f28003x_pievect.obj (.const)

.data      0    0000a9c0    0000000a     UNINITIALIZED
                  0000a9c0    00000006     rts2800_fpu32_eabi.lib : exit.c.obj (.data)
                  0000a9c6    00000002                            : _lock.c.obj (.data:_lock)
                  0000a9c8    00000002                            : _lock.c.obj (.data:_unlock)

PieVectTableFile 
*          1    00000d00    000001c0     UNINITIALIZED
                  00000d00    000001c0     f28003x_globalvariabledefs.obj (PieVectTableFile)

EmuKeyVar 
*          1    00000d00    00000000     UNINITIALIZED

EmuBModeVar 
*          1    00000d00    00000000     UNINITIALIZED

EmuBootPinsVar 
*          1    00000d00    00000000     UNINITIALIZED

FlashCallbackVar 
*          1    00000d00    00000000     UNINITIALIZED

FlashScalingVar 
*          1    00000d00    00000000     UNINITIALIZED

ClkCfgRegsFile 
*          1    0005d200    0000003e     UNINITIALIZED
                  0005d200    0000003e     f28003x_globalvariabledefs.obj (ClkCfgRegsFile)

CpuSysRegsFile 
*          1    0005d300    000000a0     UNINITIALIZED
                  0005d300    000000a0     f28003x_globalvariabledefs.obj (CpuSysRegsFile)

Dcc0RegsFile 
*          1    0005e700    0000002c     UNINITIALIZED
                  0005e700    0000002c     f28003x_globalvariabledefs.obj (Dcc0RegsFile)

Dcc1RegsFile 
*          1    0005e740    0000002c     UNINITIALIZED
                  0005e740    0000002c     f28003x_globalvariabledefs.obj (Dcc1RegsFile)

GpioCtrlRegsFile 
*          1    00007c00    00000200     UNINITIALIZED
                  00007c00    00000200     f28003x_globalvariabledefs.obj (GpioCtrlRegsFile)

GpioDataRegsFile 
*          1    00007f00    0000003a     UNINITIALIZED
                  00007f00    0000003a     f28003x_globalvariabledefs.obj (GpioDataRegsFile)

PieCtrlRegsFile 
*          1    00000ce0    0000001a     UNINITIALIZED
                  00000ce0    0000001a     f28003x_globalvariabledefs.obj (PieCtrlRegsFile)

WdRegsFile 
*          1    00007000    0000002b     UNINITIALIZED
                  00007000    0000002b     f28003x_globalvariabledefs.obj (WdRegsFile)

.text.1    0    00008000    00000800     
                  00008000    000000e6     f28003x_sysctrl.obj (.text:InitSysPll)
                  000080e6    000000a0     f28003x_sysctrl.obj (.text:IsPLLValid)
                  00008186    00000092     f28003x_gpio.obj (.text:GPIO_SetupPinOptions)
                  00008218    0000008a     f28003x_gpio.obj (.text:GPIO_SetupPinMux)
                  000082a2    00000088     rts2800_fpu32_eabi.lib : fs_div28.asm.obj (.text)
                  0000832a    00000077     f28003x_sysctrl.obj (.text:ComputeCntrSeedValue)
                  000083a1    00000077     f28003x_sysctrl.obj (.text:InitPeripheralClocks)
                  00008418    0000003d     f28003x_gpio.obj (.text:InitGpio)
                  00008455    0000002e     rts2800_fpu32_eabi.lib : copy_decompress_lzss.c.obj (.text:decompress:lzss)
                  00008483    0000002e     led_ex1_blinky.obj (.text:main)
                  000084b1    0000002b     rts2800_fpu32_eabi.lib : autoinit.c.obj (.text:__TI_auto_init_nobinit_nopinit)
                  000084dc    00000029                            : exit.c.obj (.text)
                  00008505    00000025     f28003x_pievect.obj (.text:InitPieVectTable)
                  0000852a    00000020     f28003x_sysctrl.obj (.text:SysXtalOscSel)
                  0000854a    00000020     rts2800_fpu32_eabi.lib : memcpy.c.obj (.text)
                  0000856a    0000001f     f28003x_piectrl.obj (.text:InitPieCtrl)
                  00008589    0000001e     f28003x_gpio.obj (.text:GPIO_WritePin)
                  000085a7    0000001b     f28003x_sysctrl.obj (.text:PollX1Counter)
                  000085c2    00000017     rts2800_fpu32_eabi.lib : boot28.asm.obj (.text)
                  000085d9    00000015     f28003x_sysctrl.obj (.text:SysXtalOscSESel)
                  000085ee    00000014     f28003x_sysctrl.obj (.text:InitSysCtrl)
                  00008602    00000012     rts2800_fpu32_eabi.lib : args_main.c.obj (.text)
                  00008614    0000000d     f28003x_sysctrl.obj (.text:DisableDog)
                  00008621    0000000d     f28003x_defaultisr.obj (.text:EMPTY_ISR)
                  0000862e    0000000d     rts2800_fpu32_eabi.lib : copy_zero_init.c.obj (.text:decompress:ZI:__TI_zero_init_nomemset)
                  0000863b    0000000a     f28003x_defaultisr.obj (.text:ADCA1_ISR)
                  00008645    0000000a     f28003x_defaultisr.obj (.text:ADCA2_ISR)
                  0000864f    0000000a     f28003x_defaultisr.obj (.text:ADCA3_ISR)
                  00008659    0000000a     f28003x_defaultisr.obj (.text:ADCA4_ISR)
                  00008663    0000000a     f28003x_defaultisr.obj (.text:ADCA_EVT_ISR)
                  0000866d    0000000a     f28003x_defaultisr.obj (.text:ADCB1_ISR)
                  00008677    0000000a     f28003x_defaultisr.obj (.text:ADCB2_ISR)
                  00008681    0000000a     f28003x_defaultisr.obj (.text:ADCB3_ISR)
                  0000868b    0000000a     f28003x_defaultisr.obj (.text:ADCB4_ISR)
                  00008695    0000000a     f28003x_defaultisr.obj (.text:ADCB_EVT_ISR)
                  0000869f    0000000a     f28003x_defaultisr.obj (.text:ADCC1_ISR)
                  000086a9    0000000a     f28003x_defaultisr.obj (.text:ADCC2_ISR)
                  000086b3    0000000a     f28003x_defaultisr.obj (.text:ADCC3_ISR)
                  000086bd    0000000a     f28003x_defaultisr.obj (.text:ADCC4_ISR)
                  000086c7    0000000a     f28003x_defaultisr.obj (.text:ADCC_EVT_ISR)
                  000086d1    0000000a     f28003x_defaultisr.obj (.text:AES_SINTREQUEST_ISR)
                  000086db    0000000a     f28003x_defaultisr.obj (.text:BGCRC_CLA1_ISR)
                  000086e5    0000000a     f28003x_defaultisr.obj (.text:BGCRC_ISR)
                  000086ef    0000000a     f28003x_defaultisr.obj (.text:CANA0_ISR)
                  000086f9    0000000a     f28003x_defaultisr.obj (.text:CANA1_ISR)
                  00008703    0000000a     f28003x_defaultisr.obj (.text:CLA1_1_ISR)
                  0000870d    0000000a     f28003x_defaultisr.obj (.text:CLA1_2_ISR)
                  00008717    0000000a     f28003x_defaultisr.obj (.text:CLA1_3_ISR)
                  00008721    0000000a     f28003x_defaultisr.obj (.text:CLA1_4_ISR)
                  0000872b    0000000a     f28003x_defaultisr.obj (.text:CLA1_5_ISR)
                  00008735    0000000a     f28003x_defaultisr.obj (.text:CLA1_6_ISR)
                  0000873f    0000000a     f28003x_defaultisr.obj (.text:CLA1_7_ISR)
                  00008749    0000000a     f28003x_defaultisr.obj (.text:CLA1_8_ISR)
                  00008753    0000000a     f28003x_defaultisr.obj (.text:CLA_OVERFLOW_ISR)
                  0000875d    0000000a     f28003x_defaultisr.obj (.text:CLA_UNDERFLOW_ISR)
                  00008767    0000000a     f28003x_defaultisr.obj (.text:CLB1_ISR)
                  00008771    0000000a     f28003x_defaultisr.obj (.text:CLB2_ISR)
                  0000877b    0000000a     f28003x_defaultisr.obj (.text:CLB3_ISR)
                  00008785    0000000a     f28003x_defaultisr.obj (.text:CLB4_ISR)
                  0000878f    0000000a     f28003x_defaultisr.obj (.text:DATALOG_ISR)
                  00008799    0000000a     f28003x_defaultisr.obj (.text:DCC0_ISR)
                  000087a3    0000000a     f28003x_defaultisr.obj (.text:DCC1_ISR)
                  000087ad    0000000a     f28003x_defaultisr.obj (.text:DMA_CH1_ISR)
                  000087b7    0000000a     f28003x_defaultisr.obj (.text:DMA_CH2_ISR)
                  000087c1    0000000a     f28003x_defaultisr.obj (.text:DMA_CH3_ISR)
                  000087cb    0000000a     f28003x_defaultisr.obj (.text:DMA_CH4_ISR)
                  000087d5    0000000a     f28003x_defaultisr.obj (.text:DMA_CH5_ISR)
                  000087df    0000000a     f28003x_defaultisr.obj (.text:DMA_CH6_ISR)
                  000087e9    0000000a     f28003x_defaultisr.obj (.text:ECAP1_ISR)
                  000087f3    0000000a     f28003x_defaultisr.obj (.text:ECAP2_ISR)
                  000087fd    00000002     rts2800_fpu32_eabi.lib : pre_init.c.obj (.text)
                  000087ff    00000001                            : startup.c.obj (.text)

.text.2    0    00008800    000003b7     
                  00008800    0000000a     f28003x_defaultisr.obj (.text:ECAP3_2_ISR)
                  0000880a    0000000a     f28003x_defaultisr.obj (.text:ECAP3_ISR)
                  00008814    0000000a     f28003x_defaultisr.obj (.text:EMU_ISR)
                  0000881e    0000000a     f28003x_defaultisr.obj (.text:EPWM1_ISR)
                  00008828    0000000a     f28003x_defaultisr.obj (.text:EPWM1_TZ_ISR)
                  00008832    0000000a     f28003x_defaultisr.obj (.text:EPWM2_ISR)
                  0000883c    0000000a     f28003x_defaultisr.obj (.text:EPWM2_TZ_ISR)
                  00008846    0000000a     f28003x_defaultisr.obj (.text:EPWM3_ISR)
                  00008850    0000000a     f28003x_defaultisr.obj (.text:EPWM3_TZ_ISR)
                  0000885a    0000000a     f28003x_defaultisr.obj (.text:EPWM4_ISR)
                  00008864    0000000a     f28003x_defaultisr.obj (.text:EPWM4_TZ_ISR)
                  0000886e    0000000a     f28003x_defaultisr.obj (.text:EPWM5_ISR)
                  00008878    0000000a     f28003x_defaultisr.obj (.text:EPWM5_TZ_ISR)
                  00008882    0000000a     f28003x_defaultisr.obj (.text:EPWM6_ISR)
                  0000888c    0000000a     f28003x_defaultisr.obj (.text:EPWM6_TZ_ISR)
                  00008896    0000000a     f28003x_defaultisr.obj (.text:EPWM7_ISR)
                  000088a0    0000000a     f28003x_defaultisr.obj (.text:EPWM7_TZ_ISR)
                  000088aa    0000000a     f28003x_defaultisr.obj (.text:EPWM8_ISR)
                  000088b4    0000000a     f28003x_defaultisr.obj (.text:EPWM8_TZ_ISR)
                  000088be    0000000a     f28003x_defaultisr.obj (.text:EQEP1_ISR)
                  000088c8    0000000a     f28003x_defaultisr.obj (.text:EQEP2_ISR)
                  000088d2    0000000a     f28003x_defaultisr.obj (.text:FLASH_CORR_ERR_ISR)
                  000088dc    0000000a     f28003x_defaultisr.obj (.text:FMC_ISR)
                  000088e6    0000000a     f28003x_defaultisr.obj (.text:FPU_OVERFLOW_ISR)
                  000088f0    0000000a     f28003x_defaultisr.obj (.text:FPU_UNDERFLOW_ISR)
                  000088fa    0000000a     f28003x_defaultisr.obj (.text:FSIRXA1_ISR)
                  00008904    0000000a     f28003x_defaultisr.obj (.text:FSIRXA2_ISR)
                  0000890e    0000000a     f28003x_defaultisr.obj (.text:FSITXA1_ISR)
                  00008918    0000000a     f28003x_defaultisr.obj (.text:FSITXA2_ISR)
                  00008922    0000000a     f28003x_defaultisr.obj (.text:HICA_ISR)
                  0000892c    0000000a     f28003x_defaultisr.obj (.text:I2CA_FIFO_ISR)
                  00008936    0000000a     f28003x_defaultisr.obj (.text:I2CA_ISR)
                  00008940    0000000a     f28003x_defaultisr.obj (.text:I2CB_FIFO_ISR)
                  0000894a    0000000a     f28003x_defaultisr.obj (.text:I2CB_ISR)
                  00008954    0000000a     f28003x_defaultisr.obj (.text:ILLEGAL_ISR)
                  0000895e    0000000a     f28003x_defaultisr.obj (.text:LINA_0_ISR)
                  00008968    0000000a     f28003x_defaultisr.obj (.text:LINA_1_ISR)
                  00008972    0000000a     f28003x_defaultisr.obj (.text:LINB_0_ISR)
                  0000897c    0000000a     f28003x_defaultisr.obj (.text:LINB_1_ISR)
                  00008986    0000000a     f28003x_defaultisr.obj (.text:MCANA_0_ISR)
                  00008990    0000000a     f28003x_defaultisr.obj (.text:MCANA_1_ISR)
                  0000899a    0000000a     f28003x_defaultisr.obj (.text:MCANA_ECC_ISR)
                  000089a4    0000000a     f28003x_defaultisr.obj (.text:MCANA_WAKE_ISR)
                  000089ae    0000000a     f28003x_defaultisr.obj (.text:MPOST_ISR)
                  000089b8    0000000a     f28003x_defaultisr.obj (.text:NMI_ISR)
                  000089c2    0000000a     f28003x_defaultisr.obj (.text:NOTUSED_ISR)
                  000089cc    0000000a     f28003x_defaultisr.obj (.text:PIE_RESERVED_ISR)
                  000089d6    0000000a     f28003x_defaultisr.obj (.text:PMBUSA_ISR)
                  000089e0    0000000a     f28003x_defaultisr.obj (.text:RAM_ACC_VIOL_ISR)
                  000089ea    0000000a     f28003x_defaultisr.obj (.text:RAM_CORR_ERR_ISR)
                  000089f4    0000000a     f28003x_defaultisr.obj (.text:RTOS_ISR)
                  000089fe    0000000a     f28003x_defaultisr.obj (.text:SCIA_RX_ISR)
                  00008a08    0000000a     f28003x_defaultisr.obj (.text:SCIA_TX_ISR)
                  00008a12    0000000a     f28003x_defaultisr.obj (.text:SCIB_RX_ISR)
                  00008a1c    0000000a     f28003x_defaultisr.obj (.text:SCIB_TX_ISR)
                  00008a26    0000000a     f28003x_defaultisr.obj (.text:SDFM1DR1_ISR)
                  00008a30    0000000a     f28003x_defaultisr.obj (.text:SDFM1DR2_ISR)
                  00008a3a    0000000a     f28003x_defaultisr.obj (.text:SDFM1DR3_ISR)
                  00008a44    0000000a     f28003x_defaultisr.obj (.text:SDFM1DR4_ISR)
                  00008a4e    0000000a     f28003x_defaultisr.obj (.text:SDFM1_ISR)
                  00008a58    0000000a     f28003x_defaultisr.obj (.text:SDFM2DR1_ISR)
                  00008a62    0000000a     f28003x_defaultisr.obj (.text:SDFM2DR2_ISR)
                  00008a6c    0000000a     f28003x_defaultisr.obj (.text:SDFM2DR3_ISR)
                  00008a76    0000000a     f28003x_defaultisr.obj (.text:SDFM2DR4_ISR)
                  00008a80    0000000a     f28003x_defaultisr.obj (.text:SDFM2_ISR)
                  00008a8a    0000000a     f28003x_defaultisr.obj (.text:SPIA_RX_ISR)
                  00008a94    0000000a     f28003x_defaultisr.obj (.text:SPIA_TX_ISR)
                  00008a9e    0000000a     f28003x_defaultisr.obj (.text:SPIB_RX_ISR)
                  00008aa8    0000000a     f28003x_defaultisr.obj (.text:SPIB_TX_ISR)
                  00008ab2    0000000a     f28003x_defaultisr.obj (.text:SYS_ERR_ISR)
                  00008abc    0000000a     f28003x_defaultisr.obj (.text:TIMER0_ISR)
                  00008ac6    0000000a     f28003x_defaultisr.obj (.text:TIMER1_ISR)
                  00008ad0    0000000a     f28003x_defaultisr.obj (.text:TIMER2_ISR)
                  00008ada    0000000a     f28003x_defaultisr.obj (.text:USER10_ISR)
                  00008ae4    0000000a     f28003x_defaultisr.obj (.text:USER11_ISR)
                  00008aee    0000000a     f28003x_defaultisr.obj (.text:USER12_ISR)
                  00008af8    0000000a     f28003x_defaultisr.obj (.text:USER1_ISR)
                  00008b02    0000000a     f28003x_defaultisr.obj (.text:USER2_ISR)
                  00008b0c    0000000a     f28003x_defaultisr.obj (.text:USER3_ISR)
                  00008b16    0000000a     f28003x_defaultisr.obj (.text:USER4_ISR)
                  00008b20    0000000a     f28003x_defaultisr.obj (.text:USER5_ISR)
                  00008b2a    0000000a     f28003x_defaultisr.obj (.text:USER6_ISR)
                  00008b34    0000000a     f28003x_defaultisr.obj (.text:USER7_ISR)
                  00008b3e    0000000a     f28003x_defaultisr.obj (.text:USER8_ISR)
                  00008b48    0000000a     f28003x_defaultisr.obj (.text:USER9_ISR)
                  00008b52    0000000a     f28003x_defaultisr.obj (.text:WAKE_ISR)
                  00008b5c    0000000a     f28003x_defaultisr.obj (.text:XINT1_ISR)
                  00008b66    0000000a     f28003x_defaultisr.obj (.text:XINT2_ISR)
                  00008b70    0000000a     f28003x_defaultisr.obj (.text:XINT3_ISR)
                  00008b7a    0000000a     f28003x_defaultisr.obj (.text:XINT4_ISR)
                  00008b84    0000000a     f28003x_defaultisr.obj (.text:XINT5_ISR)
                  00008b8e    00000009     f28003x_sysctrl.obj (.text:SysIntOsc1Sel)
                  00008b97    00000009     rts2800_fpu32_eabi.lib : _lock.c.obj (.text)
                  00008ba0    00000008                            : copy_decompress_none.c.obj (.text:decompress:none)
                  00008ba8    00000008     f28003x_codestartbranch.obj (.text)
                  00008bb0    00000007     f28003x_sysctrl.obj (.text:SysIntOsc2Sel)

MODULE SUMMARY

       Module                           code   ro data   rw data
       ------                           ----   -------   -------
    .\
       f28003x_globalvariabledefs.obj   0      0         1397   
       f28003x_defaultisr.obj           1373   0         0      
       f28003x_sysctrl.obj              757    0         0      
       f28003x_pievect.obj              37     448       0      
       f28003x_gpio.obj                 375    0         0      
       led_ex1_blinky.obj               46     0         0      
       f28003x_piectrl.obj              31     0         0      
       f28003x_codestartbranch.obj      10     0         0      
       f28003x_usdelay.obj              4      0         0      
    +--+--------------------------------+------+---------+---------+
       Total:                           2633   448       1397   
                                                                
    C:\ti\ccs2050\ccs\tools\compiler\ti-cgt-c2000_25.11.0.LTS\lib\rts2800_fpu32_eabi.lib
       fs_div28.asm.obj                 136    0         0      
       exit.c.obj                       41     0         6      
       copy_decompress_lzss.c.obj       46     0         0      
       autoinit.c.obj                   43     0         0      
       memcpy.c.obj                     32     0         0      
       boot28.asm.obj                   23     0         0      
       args_main.c.obj                  18     0         0      
       _lock.c.obj                      9      0         4      
       copy_zero_init.c.obj             13     0         0      
       copy_decompress_none.c.obj       8      0         0      
       pre_init.c.obj                   2      0         0      
       startup.c.obj                    1      0         0      
    +--+--------------------------------+------+---------+---------+
       Total:                           372    0         10     
                                                                
       Stack:                           0      0         512    
       Linker Generated:                0      26        0      
    +--+--------------------------------+------+---------+---------+
       Grand Total:                     3005   474       1919   


LINKER GENERATED COPY TABLES

__TI_cinit_table @ 0000013e records: 2, size/record: 4, table size: 8
	.data: load addr=0000012c, load size=00000008 bytes, run addr=0000a9c0, run size=0000000a bytes, compression=lzss
	PieVectTableFile: load addr=0000013a, load size=00000004 bytes, run addr=00000d00, run size=000001c0 bytes, compression=zero_init


LINKER GENERATED HANDLER TABLE

__TI_handler_table @ 00000134 records: 3, size/record: 2, table size: 6
	index: 0, handler: __TI_decompress_lzss
	index: 1, handler: __TI_decompress_none
	index: 2, handler: __TI_zero_init


GLOBAL DATA SYMBOLS: SORTED BY DATA PAGE

address     data page           name
--------    ----------------    ----
00000400      10 (00000400)     __stack

00000ce0      33 (00000cc0)     PieCtrlRegs

00000d00      34 (00000d00)     PieVectTable

00007000     1c0 (00007000)     WdRegs

00007c00     1f0 (00007c00)     GpioCtrlRegs

00007f00     1fc (00007f00)     GpioDataRegs

0000a800     2a0 (0000a800)     PieVectTableInit

0000a9c0     2a7 (0000a9c0)     __TI_enable_exit_profile_output
0000a9c2     2a7 (0000a9c0)     __TI_cleanup_ptr
0000a9c4     2a7 (0000a9c0)     __TI_dtors_ptr
0000a9c6     2a7 (0000a9c0)     _lock
0000a9c8     2a7 (0000a9c0)     _unlock

0005d200    1748 (0005d200)     ClkCfgRegs

0005d300    174c (0005d300)     CpuSysRegs

0005e700    179c (0005e700)     Dcc0Regs

0005e740    179d (0005e740)     Dcc1Regs


GLOBAL SYMBOLS: SORTED ALPHABETICALLY BY Name 

page  address   name                           
----  -------   ----                           
0     0000863b  ADCA1_ISR                      
0     00008645  ADCA2_ISR                      
0     0000864f  ADCA3_ISR                      
0     00008659  ADCA4_ISR                      
0     00008663  ADCA_EVT_ISR                   
0     0000866d  ADCB1_ISR                      
0     00008677  ADCB2_ISR                      
0     00008681  ADCB3_ISR                      
0     0000868b  ADCB4_ISR                      
0     00008695  ADCB_EVT_ISR                   
0     0000869f  ADCC1_ISR                      
0     000086a9  ADCC2_ISR                      
0     000086b3  ADCC3_ISR                      
0     000086bd  ADCC4_ISR                      
0     000086c7  ADCC_EVT_ISR                   
0     000086d1  AES_SINTREQUEST_ISR            
0     000086db  BGCRC_CLA1_ISR                 
0     000086e5  BGCRC_ISR                      
0     000084dc  C$$EXIT                        
0     000086ef  CANA0_ISR                      
0     000086f9  CANA1_ISR                      
0     00008703  CLA1_1_ISR                     
0     0000870d  CLA1_2_ISR                     
0     00008717  CLA1_3_ISR                     
0     00008721  CLA1_4_ISR                     
0     0000872b  CLA1_5_ISR                     
0     00008735  CLA1_6_ISR                     
0     0000873f  CLA1_7_ISR                     
0     00008749  CLA1_8_ISR                     
0     00008753  CLA_OVERFLOW_ISR               
0     0000875d  CLA_UNDERFLOW_ISR              
0     00008767  CLB1_ISR                       
0     00008771  CLB2_ISR                       
0     0000877b  CLB3_ISR                       
0     00008785  CLB4_ISR                       
1     0005d200  ClkCfgRegs                     
0     0000832a  ComputeCntrSeedValue           
1     0005d300  CpuSysRegs                     
0     0000878f  DATALOG_ISR                    
0     00008799  DCC0_ISR                       
0     000087a3  DCC1_ISR                       
0     000087ad  DMA_CH1_ISR                    
0     000087b7  DMA_CH2_ISR                    
0     000087c1  DMA_CH3_ISR                    
0     000087cb  DMA_CH4_ISR                    
0     000087d5  DMA_CH5_ISR                    
0     000087df  DMA_CH6_ISR                    
1     0005e700  Dcc0Regs                       
1     0005e740  Dcc1Regs                       
0     00008614  DisableDog                     
0     000087e9  ECAP1_ISR                      
0     000087f3  ECAP2_ISR                      
0     00008800  ECAP3_2_ISR                    
0     0000880a  ECAP3_ISR                      
0     00008621  EMPTY_ISR                      
0     00008814  EMU_ISR                        
0     0000881e  EPWM1_ISR                      
0     00008828  EPWM1_TZ_ISR                   
0     00008832  EPWM2_ISR                      
0     0000883c  EPWM2_TZ_ISR                   
0     00008846  EPWM3_ISR                      
0     00008850  EPWM3_TZ_ISR                   
0     0000885a  EPWM4_ISR                      
0     00008864  EPWM4_TZ_ISR                   
0     0000886e  EPWM5_ISR                      
0     00008878  EPWM5_TZ_ISR                   
0     00008882  EPWM6_ISR                      
0     0000888c  EPWM6_TZ_ISR                   
0     00008896  EPWM7_ISR                      
0     000088a0  EPWM7_TZ_ISR                   
0     000088aa  EPWM8_ISR                      
0     000088b4  EPWM8_TZ_ISR                   
0     000088be  EQEP1_ISR                      
0     000088c8  EQEP2_ISR                      
0     00000128  F28x_usDelay                   
0     000088d2  FLASH_CORR_ERR_ISR             
0     000088dc  FMC_ISR                        
0     000088e6  FPU_OVERFLOW_ISR               
0     000088f0  FPU_UNDERFLOW_ISR              
0     000088fa  FSIRXA1_ISR                    
0     00008904  FSIRXA2_ISR                    
0     0000890e  FSITXA1_ISR                    
0     00008918  FSITXA2_ISR                    
0     00008218  GPIO_SetupPinMux               
0     00008186  GPIO_SetupPinOptions           
0     00008589  GPIO_WritePin                  
1     00007c00  GpioCtrlRegs                   
1     00007f00  GpioDataRegs                   
0     00008922  HICA_ISR                       
0     0000892c  I2CA_FIFO_ISR                  
0     00008936  I2CA_ISR                       
0     00008940  I2CB_FIFO_ISR                  
0     0000894a  I2CB_ISR                       
0     00008954  ILLEGAL_ISR                    
0     00008418  InitGpio                       
0     000083a1  InitPeripheralClocks           
0     0000856a  InitPieCtrl                    
0     00008505  InitPieVectTable               
0     000085ee  InitSysCtrl                    
0     00008000  InitSysPll                     
0     000080e6  IsPLLValid                     
0     0000895e  LINA_0_ISR                     
0     00008968  LINA_1_ISR                     
0     00008972  LINB_0_ISR                     
0     0000897c  LINB_1_ISR                     
0     00008986  MCANA_0_ISR                    
0     00008990  MCANA_1_ISR                    
0     0000899a  MCANA_ECC_ISR                  
0     000089a4  MCANA_WAKE_ISR                 
0     000089ae  MPOST_ISR                      
0     000089b8  NMI_ISR                        
0     000089c2  NOTUSED_ISR                    
0     000089cc  PIE_RESERVED_ISR               
0     000089d6  PMBUSA_ISR                     
1     00000ce0  PieCtrlRegs                    
1     00000d00  PieVectTable                   
0     0000a800  PieVectTableInit               
0     000089e0  RAM_ACC_VIOL_ISR               
0     000089ea  RAM_CORR_ERR_ISR               
0     000089f4  RTOS_ISR                       
0     000089fe  SCIA_RX_ISR                    
0     00008a08  SCIA_TX_ISR                    
0     00008a12  SCIB_RX_ISR                    
0     00008a1c  SCIB_TX_ISR                    
0     00008a26  SDFM1DR1_ISR                   
0     00008a30  SDFM1DR2_ISR                   
0     00008a3a  SDFM1DR3_ISR                   
0     00008a44  SDFM1DR4_ISR                   
0     00008a4e  SDFM1_ISR                      
0     00008a58  SDFM2DR1_ISR                   
0     00008a62  SDFM2DR2_ISR                   
0     00008a6c  SDFM2DR3_ISR                   
0     00008a76  SDFM2DR4_ISR                   
0     00008a80  SDFM2_ISR                      
0     00008a8a  SPIA_RX_ISR                    
0     00008a94  SPIA_TX_ISR                    
0     00008a9e  SPIB_RX_ISR                    
0     00008aa8  SPIB_TX_ISR                    
0     00008ab2  SYS_ERR_ISR                    
0     00008b8e  SysIntOsc1Sel                  
0     00008bb0  SysIntOsc2Sel                  
0     000085d9  SysXtalOscSESel                
0     0000852a  SysXtalOscSel                  
0     00008abc  TIMER0_ISR                     
0     00008ac6  TIMER1_ISR                     
0     00008ad0  TIMER2_ISR                     
0     00008ada  USER10_ISR                     
0     00008ae4  USER11_ISR                     
0     00008aee  USER12_ISR                     
0     00008af8  USER1_ISR                      
0     00008b02  USER2_ISR                      
0     00008b0c  USER3_ISR                      
0     00008b16  USER4_ISR                      
0     00008b20  USER5_ISR                      
0     00008b2a  USER6_ISR                      
0     00008b34  USER7_ISR                      
0     00008b3e  USER8_ISR                      
0     00008b48  USER9_ISR                      
0     00008b52  WAKE_ISR                       
1     00007000  WdRegs                         
0     00008b5c  XINT1_ISR                      
0     00008b66  XINT2_ISR                      
0     00008b70  XINT3_ISR                      
0     00008b7a  XINT4_ISR                      
0     00008b84  XINT5_ISR                      
0     0000013e  __TI_CINIT_Base                
0     00000146  __TI_CINIT_Limit               
0     00000146  __TI_CINIT_Warm                
0     00000134  __TI_Handler_Table_Base        
0     0000013a  __TI_Handler_Table_Limit       
0     00000600  __TI_STACK_END                 
abs   00000200  __TI_STACK_SIZE                
0     000084b1  __TI_auto_init_nobinit_nopinit 
0     0000a9c2  __TI_cleanup_ptr               
0     00008455  __TI_decompress_lzss           
0     00008ba0  __TI_decompress_none           
0     0000a9c4  __TI_dtors_ptr                 
0     0000a9c0  __TI_enable_exit_profile_output
abs   ffffffff  __TI_pprof_out_hndl            
abs   ffffffff  __TI_prof_data_size            
abs   ffffffff  __TI_prof_data_start           
0     0000862e  __TI_zero_init_nomemset        
0     000082a2  __c28xabi_divf                 
abs   ffffffff  __c_args__                     
0     00000400  __stack                        
0     00008602  _args_main                     
0     000085c2  _c_int00                       
0     0000a9c6  _lock                          
0     00008b9f  _nop                           
0     00008b9b  _register_lock                 
0     00008b97  _register_unlock               
0     000087ff  _system_post_cinit             
0     000087fd  _system_pre_init               
0     0000a9c8  _unlock                        
0     000084dc  abort                          
0     00000000  code_start                     
0     000084de  exit                           
0     00008483  main                           
0     0000854a  memcpy                         


GLOBAL SYMBOLS: SORTED BY Symbol Address 

page  address   name                           
----  -------   ----                           
0     00000000  code_start                     
0     00000128  F28x_usDelay                   
0     00000134  __TI_Handler_Table_Base        
0     0000013a  __TI_Handler_Table_Limit       
0     0000013e  __TI_CINIT_Base                
0     00000146  __TI_CINIT_Limit               
0     00000146  __TI_CINIT_Warm                
0     00000400  __stack                        
0     00000600  __TI_STACK_END                 
0     00008000  InitSysPll                     
0     000080e6  IsPLLValid                     
0     00008186  GPIO_SetupPinOptions           
0     00008218  GPIO_SetupPinMux               
0     000082a2  __c28xabi_divf                 
0     0000832a  ComputeCntrSeedValue           
0     000083a1  InitPeripheralClocks           
0     00008418  InitGpio                       
0     00008455  __TI_decompress_lzss           
0     00008483  main                           
0     000084b1  __TI_auto_init_nobinit_nopinit 
0     000084dc  C$$EXIT                        
0     000084dc  abort                          
0     000084de  exit                           
0     00008505  InitPieVectTable               
0     0000852a  SysXtalOscSel                  
0     0000854a  memcpy                         
0     0000856a  InitPieCtrl                    
0     00008589  GPIO_WritePin                  
0     000085c2  _c_int00                       
0     000085d9  SysXtalOscSESel                
0     000085ee  InitSysCtrl                    
0     00008602  _args_main                     
0     00008614  DisableDog                     
0     00008621  EMPTY_ISR                      
0     0000862e  __TI_zero_init_nomemset        
0     0000863b  ADCA1_ISR                      
0     00008645  ADCA2_ISR                      
0     0000864f  ADCA3_ISR                      
0     00008659  ADCA4_ISR                      
0     00008663  ADCA_EVT_ISR                   
0     0000866d  ADCB1_ISR                      
0     00008677  ADCB2_ISR                      
0     00008681  ADCB3_ISR                      
0     0000868b  ADCB4_ISR                      
0     00008695  ADCB_EVT_ISR                   
0     0000869f  ADCC1_ISR                      
0     000086a9  ADCC2_ISR                      
0     000086b3  ADCC3_ISR                      
0     000086bd  ADCC4_ISR                      
0     000086c7  ADCC_EVT_ISR                   
0     000086d1  AES_SINTREQUEST_ISR            
0     000086db  BGCRC_CLA1_ISR                 
0     000086e5  BGCRC_ISR                      
0     000086ef  CANA0_ISR                      
0     000086f9  CANA1_ISR                      
0     00008703  CLA1_1_ISR                     
0     0000870d  CLA1_2_ISR                     
0     00008717  CLA1_3_ISR                     
0     00008721  CLA1_4_ISR                     
0     0000872b  CLA1_5_ISR                     
0     00008735  CLA1_6_ISR                     
0     0000873f  CLA1_7_ISR                     
0     00008749  CLA1_8_ISR                     
0     00008753  CLA_OVERFLOW_ISR               
0     0000875d  CLA_UNDERFLOW_ISR              
0     00008767  CLB1_ISR                       
0     00008771  CLB2_ISR                       
0     0000877b  CLB3_ISR                       
0     00008785  CLB4_ISR                       
0     0000878f  DATALOG_ISR                    
0     00008799  DCC0_ISR                       
0     000087a3  DCC1_ISR                       
0     000087ad  DMA_CH1_ISR                    
0     000087b7  DMA_CH2_ISR                    
0     000087c1  DMA_CH3_ISR                    
0     000087cb  DMA_CH4_ISR                    
0     000087d5  DMA_CH5_ISR                    
0     000087df  DMA_CH6_ISR                    
0     000087e9  ECAP1_ISR                      
0     000087f3  ECAP2_ISR                      
0     000087fd  _system_pre_init               
0     000087ff  _system_post_cinit             
0     00008800  ECAP3_2_ISR                    
0     0000880a  ECAP3_ISR                      
0     00008814  EMU_ISR                        
0     0000881e  EPWM1_ISR                      
0     00008828  EPWM1_TZ_ISR                   
0     00008832  EPWM2_ISR                      
0     0000883c  EPWM2_TZ_ISR                   
0     00008846  EPWM3_ISR                      
0     00008850  EPWM3_TZ_ISR                   
0     0000885a  EPWM4_ISR                      
0     00008864  EPWM4_TZ_ISR                   
0     0000886e  EPWM5_ISR                      
0     00008878  EPWM5_TZ_ISR                   
0     00008882  EPWM6_ISR                      
0     0000888c  EPWM6_TZ_ISR                   
0     00008896  EPWM7_ISR                      
0     000088a0  EPWM7_TZ_ISR                   
0     000088aa  EPWM8_ISR                      
0     000088b4  EPWM8_TZ_ISR                   
0     000088be  EQEP1_ISR                      
0     000088c8  EQEP2_ISR                      
0     000088d2  FLASH_CORR_ERR_ISR             
0     000088dc  FMC_ISR                        
0     000088e6  FPU_OVERFLOW_ISR               
0     000088f0  FPU_UNDERFLOW_ISR              
0     000088fa  FSIRXA1_ISR                    
0     00008904  FSIRXA2_ISR                    
0     0000890e  FSITXA1_ISR                    
0     00008918  FSITXA2_ISR                    
0     00008922  HICA_ISR                       
0     0000892c  I2CA_FIFO_ISR                  
0     00008936  I2CA_ISR                       
0     00008940  I2CB_FIFO_ISR                  
0     0000894a  I2CB_ISR                       
0     00008954  ILLEGAL_ISR                    
0     0000895e  LINA_0_ISR                     
0     00008968  LINA_1_ISR                     
0     00008972  LINB_0_ISR                     
0     0000897c  LINB_1_ISR                     
0     00008986  MCANA_0_ISR                    
0     00008990  MCANA_1_ISR                    
0     0000899a  MCANA_ECC_ISR                  
0     000089a4  MCANA_WAKE_ISR                 
0     000089ae  MPOST_ISR                      
0     000089b8  NMI_ISR                        
0     000089c2  NOTUSED_ISR                    
0     000089cc  PIE_RESERVED_ISR               
0     000089d6  PMBUSA_ISR                     
0     000089e0  RAM_ACC_VIOL_ISR               
0     000089ea  RAM_CORR_ERR_ISR               
0     000089f4  RTOS_ISR                       
0     000089fe  SCIA_RX_ISR                    
0     00008a08  SCIA_TX_ISR                    
0     00008a12  SCIB_RX_ISR                    
0     00008a1c  SCIB_TX_ISR                    
0     00008a26  SDFM1DR1_ISR                   
0     00008a30  SDFM1DR2_ISR                   
0     00008a3a  SDFM1DR3_ISR                   
0     00008a44  SDFM1DR4_ISR                   
0     00008a4e  SDFM1_ISR                      
0     00008a58  SDFM2DR1_ISR                   
0     00008a62  SDFM2DR2_ISR                   
0     00008a6c  SDFM2DR3_ISR                   
0     00008a76  SDFM2DR4_ISR                   
0     00008a80  SDFM2_ISR                      
0     00008a8a  SPIA_RX_ISR                    
0     00008a94  SPIA_TX_ISR                    
0     00008a9e  SPIB_RX_ISR                    
0     00008aa8  SPIB_TX_ISR                    
0     00008ab2  SYS_ERR_ISR                    
0     00008abc  TIMER0_ISR                     
0     00008ac6  TIMER1_ISR                     
0     00008ad0  TIMER2_ISR                     
0     00008ada  USER10_ISR                     
0     00008ae4  USER11_ISR                     
0     00008aee  USER12_ISR                     
0     00008af8  USER1_ISR                      
0     00008b02  USER2_ISR                      
0     00008b0c  USER3_ISR                      
0     00008b16  USER4_ISR                      
0     00008b20  USER5_ISR                      
0     00008b2a  USER6_ISR                      
0     00008b34  USER7_ISR                      
0     00008b3e  USER8_ISR                      
0     00008b48  USER9_ISR                      
0     00008b52  WAKE_ISR                       
0     00008b5c  XINT1_ISR                      
0     00008b66  XINT2_ISR                      
0     00008b70  XINT3_ISR                      
0     00008b7a  XINT4_ISR                      
0     00008b84  XINT5_ISR                      
0     00008b8e  SysIntOsc1Sel                  
0     00008b97  _register_unlock               
0     00008b9b  _register_lock                 
0     00008b9f  _nop                           
0     00008ba0  __TI_decompress_none           
0     00008bb0  SysIntOsc2Sel                  
0     0000a800  PieVectTableInit               
0     0000a9c0  __TI_enable_exit_profile_output
0     0000a9c2  __TI_cleanup_ptr               
0     0000a9c4  __TI_dtors_ptr                 
0     0000a9c6  _lock                          
0     0000a9c8  _unlock                        
1     00000ce0  PieCtrlRegs                    
1     00000d00  PieVectTable                   
1     00007000  WdRegs                         
1     00007c00  GpioCtrlRegs                   
1     00007f00  GpioDataRegs                   
1     0005d200  ClkCfgRegs                     
1     0005d300  CpuSysRegs                     
1     0005e700  Dcc0Regs                       
1     0005e740  Dcc1Regs                       
abs   00000200  __TI_STACK_SIZE                
abs   ffffffff  __TI_pprof_out_hndl            
abs   ffffffff  __TI_prof_data_size            
abs   ffffffff  __TI_prof_data_start           
abs   ffffffff  __c_args__                     

[199 symbols]
