<?xml version="1.0" encoding="ISO-8859-1" ?>
<link_info>
   <banner>TMS320C2000 Linker PC v25.11.0.LTS</banner>
   <copyright>Copyright (c) 1996-2018 Texas Instruments Incorporated</copyright>
   <command_line>C:\ti\ccs2050\ccs\tools\compiler\ti-cgt-c2000_25.11.0.LTS\bin\lnk2000.exe -lC:\\Users\\russern\\AppData\\Local\\Temp\\{BAA9B7C0-D77D-4ECC-B06D-9E24631A6F7A}</command_line>
   <link_time>0x69b08da5</link_time>
   <link_errors>0x0</link_errors>
   <output_file>C:\Users\russern\Documents\LiveWireRepos\TI_F280039C_C2000_project\led_ex1_blinky\CPU1_RAM\led_ex1_blinky.out</output_file>
   <entry_point>
      <name>code_start</name>
      <address>0x0</address>
   </entry_point>
   <input_file_list>
      <input_file id="fl-2">
         <path>C:\Users\russern\Documents\LiveWireRepos\TI_F280039C_C2000_project\led_ex1_blinky\CPU1_RAM\.\</path>
         <kind>object</kind>
         <file>f28003x_adc.obj</file>
         <name>f28003x_adc.obj</name>
      </input_file>
      <input_file id="fl-3">
         <path>C:\Users\russern\Documents\LiveWireRepos\TI_F280039C_C2000_project\led_ex1_blinky\CPU1_RAM\.\</path>
         <kind>object</kind>
         <file>f28003x_codestartbranch.obj</file>
         <name>f28003x_codestartbranch.obj</name>
      </input_file>
      <input_file id="fl-4">
         <path>C:\Users\russern\Documents\LiveWireRepos\TI_F280039C_C2000_project\led_ex1_blinky\CPU1_RAM\.\</path>
         <kind>object</kind>
         <file>f28003x_cputimers.obj</file>
         <name>f28003x_cputimers.obj</name>
      </input_file>
      <input_file id="fl-5">
         <path>C:\Users\russern\Documents\LiveWireRepos\TI_F280039C_C2000_project\led_ex1_blinky\CPU1_RAM\.\</path>
         <kind>object</kind>
         <file>f28003x_defaultisr.obj</file>
         <name>f28003x_defaultisr.obj</name>
      </input_file>
      <input_file id="fl-6">
         <path>C:\Users\russern\Documents\LiveWireRepos\TI_F280039C_C2000_project\led_ex1_blinky\CPU1_RAM\.\</path>
         <kind>object</kind>
         <file>f28003x_dma.obj</file>
         <name>f28003x_dma.obj</name>
      </input_file>
      <input_file id="fl-7">
         <path>C:\Users\russern\Documents\LiveWireRepos\TI_F280039C_C2000_project\led_ex1_blinky\CPU1_RAM\.\</path>
         <kind>object</kind>
         <file>f28003x_epwm.obj</file>
         <name>f28003x_epwm.obj</name>
      </input_file>
      <input_file id="fl-8">
         <path>C:\Users\russern\Documents\LiveWireRepos\TI_F280039C_C2000_project\led_ex1_blinky\CPU1_RAM\.\</path>
         <kind>object</kind>
         <file>f28003x_globalvariabledefs.obj</file>
         <name>f28003x_globalvariabledefs.obj</name>
      </input_file>
      <input_file id="fl-9">
         <path>C:\Users\russern\Documents\LiveWireRepos\TI_F280039C_C2000_project\led_ex1_blinky\CPU1_RAM\.\</path>
         <kind>object</kind>
         <file>f28003x_gpio.obj</file>
         <name>f28003x_gpio.obj</name>
      </input_file>
      <input_file id="fl-a">
         <path>C:\Users\russern\Documents\LiveWireRepos\TI_F280039C_C2000_project\led_ex1_blinky\CPU1_RAM\.\</path>
         <kind>object</kind>
         <file>f28003x_piectrl.obj</file>
         <name>f28003x_piectrl.obj</name>
      </input_file>
      <input_file id="fl-b">
         <path>C:\Users\russern\Documents\LiveWireRepos\TI_F280039C_C2000_project\led_ex1_blinky\CPU1_RAM\.\</path>
         <kind>object</kind>
         <file>f28003x_pievect.obj</file>
         <name>f28003x_pievect.obj</name>
      </input_file>
      <input_file id="fl-c">
         <path>C:\Users\russern\Documents\LiveWireRepos\TI_F280039C_C2000_project\led_ex1_blinky\CPU1_RAM\.\</path>
         <kind>object</kind>
         <file>f28003x_sysctrl.obj</file>
         <name>f28003x_sysctrl.obj</name>
      </input_file>
      <input_file id="fl-d">
         <path>C:\Users\russern\Documents\LiveWireRepos\TI_F280039C_C2000_project\led_ex1_blinky\CPU1_RAM\.\</path>
         <kind>object</kind>
         <file>f28003x_tempsensorconv.obj</file>
         <name>f28003x_tempsensorconv.obj</name>
      </input_file>
      <input_file id="fl-e">
         <path>C:\Users\russern\Documents\LiveWireRepos\TI_F280039C_C2000_project\led_ex1_blinky\CPU1_RAM\.\</path>
         <kind>object</kind>
         <file>f28003x_usdelay.obj</file>
         <name>f28003x_usdelay.obj</name>
      </input_file>
      <input_file id="fl-f">
         <path>C:\Users\russern\Documents\LiveWireRepos\TI_F280039C_C2000_project\led_ex1_blinky\CPU1_RAM\.\</path>
         <kind>object</kind>
         <file>led_ex1_blinky.obj</file>
         <name>led_ex1_blinky.obj</name>
      </input_file>
      <input_file id="fl-14">
         <path>C:\Users\russern\Documents\LiveWireRepos\TI_F280039C_C2000_project\led_ex1_blinky\CPU1_RAM\</path>
         <kind>object</kind>
         <file>&lt;internal&gt;</file>
         <name>&lt;internal&gt;</name>
      </input_file>
      <input_file id="fl-20">
         <path>C:\ti\ccs2050\ccs\tools\compiler\ti-cgt-c2000_25.11.0.LTS\lib\</path>
         <kind>archive</kind>
         <file>rts2800_fpu32_eabi.lib</file>
         <name>boot28.asm.obj</name>
      </input_file>
      <input_file id="fl-21">
         <path>C:\ti\ccs2050\ccs\tools\compiler\ti-cgt-c2000_25.11.0.LTS\lib\</path>
         <kind>archive</kind>
         <file>rts2800_fpu32_eabi.lib</file>
         <name>fs_div28.asm.obj</name>
      </input_file>
      <input_file id="fl-22">
         <path>C:\ti\ccs2050\ccs\tools\compiler\ti-cgt-c2000_25.11.0.LTS\lib\</path>
         <kind>archive</kind>
         <file>rts2800_fpu32_eabi.lib</file>
         <name>l_div28.asm.obj</name>
      </input_file>
      <input_file id="fl-23">
         <path>C:\ti\ccs2050\ccs\tools\compiler\ti-cgt-c2000_25.11.0.LTS\lib\</path>
         <kind>archive</kind>
         <file>rts2800_fpu32_eabi.lib</file>
         <name>pre_init.c.obj</name>
      </input_file>
      <input_file id="fl-24">
         <path>C:\ti\ccs2050\ccs\tools\compiler\ti-cgt-c2000_25.11.0.LTS\lib\</path>
         <kind>archive</kind>
         <file>rts2800_fpu32_eabi.lib</file>
         <name>autoinit.c.obj</name>
      </input_file>
      <input_file id="fl-25">
         <path>C:\ti\ccs2050\ccs\tools\compiler\ti-cgt-c2000_25.11.0.LTS\lib\</path>
         <kind>archive</kind>
         <file>rts2800_fpu32_eabi.lib</file>
         <name>copy_zero_init.c.obj</name>
      </input_file>
      <input_file id="fl-26">
         <path>C:\ti\ccs2050\ccs\tools\compiler\ti-cgt-c2000_25.11.0.LTS\lib\</path>
         <kind>archive</kind>
         <file>rts2800_fpu32_eabi.lib</file>
         <name>copy_decompress_none.c.obj</name>
      </input_file>
      <input_file id="fl-27">
         <path>C:\ti\ccs2050\ccs\tools\compiler\ti-cgt-c2000_25.11.0.LTS\lib\</path>
         <kind>archive</kind>
         <file>rts2800_fpu32_eabi.lib</file>
         <name>copy_decompress_lzss.c.obj</name>
      </input_file>
      <input_file id="fl-28">
         <path>C:\ti\ccs2050\ccs\tools\compiler\ti-cgt-c2000_25.11.0.LTS\lib\</path>
         <kind>archive</kind>
         <file>rts2800_fpu32_eabi.lib</file>
         <name>exit.c.obj</name>
      </input_file>
      <input_file id="fl-29">
         <path>C:\ti\ccs2050\ccs\tools\compiler\ti-cgt-c2000_25.11.0.LTS\lib\</path>
         <kind>archive</kind>
         <file>rts2800_fpu32_eabi.lib</file>
         <name>_lock.c.obj</name>
      </input_file>
      <input_file id="fl-2a">
         <path>C:\ti\ccs2050\ccs\tools\compiler\ti-cgt-c2000_25.11.0.LTS\lib\</path>
         <kind>archive</kind>
         <file>rts2800_fpu32_eabi.lib</file>
         <name>args_main.c.obj</name>
      </input_file>
      <input_file id="fl-2b">
         <path>C:\ti\ccs2050\ccs\tools\compiler\ti-cgt-c2000_25.11.0.LTS\lib\</path>
         <kind>archive</kind>
         <file>rts2800_fpu32_eabi.lib</file>
         <name>memset.c.obj</name>
      </input_file>
      <input_file id="fl-2c">
         <path>C:\ti\ccs2050\ccs\tools\compiler\ti-cgt-c2000_25.11.0.LTS\lib\</path>
         <kind>archive</kind>
         <file>rts2800_fpu32_eabi.lib</file>
         <name>cpy_tbl.c.obj</name>
      </input_file>
      <input_file id="fl-2d">
         <path>C:\ti\ccs2050\ccs\tools\compiler\ti-cgt-c2000_25.11.0.LTS\lib\</path>
         <kind>archive</kind>
         <file>rts2800_fpu32_eabi.lib</file>
         <name>memcpy.c.obj</name>
      </input_file>
      <input_file id="fl-2e">
         <path>C:\ti\ccs2050\ccs\tools\compiler\ti-cgt-c2000_25.11.0.LTS\lib\</path>
         <kind>archive</kind>
         <file>rts2800_fpu32_eabi.lib</file>
         <name>startup.c.obj</name>
      </input_file>
   </input_file_list>
   <object_component_list>
      <object_component id="oc-aa">
         <name>codestart</name>
         <load_address>0x0</load_address>
         <readonly>true</readonly>
         <executable>true</executable>
         <run_address>0x0</run_address>
         <size>0x2</size>
         <alignment>0x1</alignment>
         <input_file_ref idref="fl-3"/>
      </object_component>
      <object_component id="oc-552">
         <name>.TI.ramfunc</name>
         <load_address>0x128</load_address>
         <readonly>true</readonly>
         <executable>true</executable>
         <run_address>0x128</run_address>
         <size>0x4</size>
         <alignment>0x1</alignment>
         <input_file_ref idref="fl-e"/>
      </object_component>
      <object_component id="oc-577">
         <name>.text:InitSysPll</name>
         <load_address>0x8000</load_address>
         <readonly>true</readonly>
         <executable>true</executable>
         <run_address>0x8000</run_address>
         <size>0xe6</size>
         <alignment>0x1</alignment>
         <input_file_ref idref="fl-c"/>
      </object_component>
      <object_component id="oc-5c9">
         <name>.text:IsPLLValid</name>
         <load_address>0x80e6</load_address>
         <readonly>true</readonly>
         <executable>true</executable>
         <run_address>0x80e6</run_address>
         <size>0xa0</size>
         <alignment>0x1</alignment>
         <input_file_ref idref="fl-c"/>
      </object_component>
      <object_component id="oc-53a">
         <name>.text:GPIO_SetupPinOptions</name>
         <load_address>0x8186</load_address>
         <readonly>true</readonly>
         <executable>true</executable>
         <run_address>0x8186</run_address>
         <size>0x92</size>
         <alignment>0x1</alignment>
         <input_file_ref idref="fl-9"/>
      </object_component>
      <object_component id="oc-534">
         <name>.text:GPIO_SetupPinMux</name>
         <load_address>0x8218</load_address>
         <readonly>true</readonly>
         <executable>true</executable>
         <run_address>0x8218</run_address>
         <size>0x8a</size>
         <alignment>0x1</alignment>
         <input_file_ref idref="fl-9"/>
      </object_component>
      <object_component id="oc-5fc">
         <name>.text</name>
         <load_address>0x82a2</load_address>
         <readonly>true</readonly>
         <executable>true</executable>
         <run_address>0x82a2</run_address>
         <size>0x88</size>
         <alignment>0x1</alignment>
         <input_file_ref idref="fl-21"/>
      </object_component>
      <object_component id="oc-601">
         <name>.text:ComputeCntrSeedValue</name>
         <load_address>0x832a</load_address>
         <readonly>true</readonly>
         <executable>true</executable>
         <run_address>0x832a</run_address>
         <size>0x77</size>
         <alignment>0x1</alignment>
         <input_file_ref idref="fl-c"/>
      </object_component>
      <object_component id="oc-57d">
         <name>.text:InitPeripheralClocks</name>
         <load_address>0x83a1</load_address>
         <readonly>true</readonly>
         <executable>true</executable>
         <run_address>0x83a1</run_address>
         <size>0x77</size>
         <alignment>0x1</alignment>
         <input_file_ref idref="fl-c"/>
      </object_component>
      <object_component id="oc-52e">
         <name>.text:InitGpio</name>
         <load_address>0x8418</load_address>
         <readonly>true</readonly>
         <executable>true</executable>
         <run_address>0x8418</run_address>
         <size>0x3d</size>
         <alignment>0x1</alignment>
         <input_file_ref idref="fl-9"/>
      </object_component>
      <object_component id="oc-9d">
         <name>.text:decompress:lzss</name>
         <load_address>0x8455</load_address>
         <readonly>true</readonly>
         <executable>true</executable>
         <run_address>0x8455</run_address>
         <size>0x2e</size>
         <alignment>0x1</alignment>
         <input_file_ref idref="fl-27"/>
      </object_component>
      <object_component id="oc-500">
         <name>.text:main</name>
         <load_address>0x8483</load_address>
         <readonly>true</readonly>
         <executable>true</executable>
         <run_address>0x8483</run_address>
         <size>0x2e</size>
         <alignment>0x1</alignment>
         <input_file_ref idref="fl-f"/>
      </object_component>
      <object_component id="oc-4d0">
         <name>.text:__TI_auto_init_nobinit_nopinit</name>
         <load_address>0x84b1</load_address>
         <readonly>true</readonly>
         <executable>true</executable>
         <run_address>0x84b1</run_address>
         <size>0x2b</size>
         <alignment>0x1</alignment>
         <input_file_ref idref="fl-24"/>
      </object_component>
      <object_component id="oc-4c4">
         <name>.text</name>
         <load_address>0x84dc</load_address>
         <readonly>true</readonly>
         <executable>true</executable>
         <run_address>0x84dc</run_address>
         <size>0x29</size>
         <alignment>0x1</alignment>
         <input_file_ref idref="fl-28"/>
      </object_component>
      <object_component id="oc-546">
         <name>.text:InitPieVectTable</name>
         <load_address>0x8505</load_address>
         <readonly>true</readonly>
         <executable>true</executable>
         <run_address>0x8505</run_address>
         <size>0x25</size>
         <alignment>0x1</alignment>
         <input_file_ref idref="fl-b"/>
      </object_component>
      <object_component id="oc-5bd">
         <name>.text:SysXtalOscSel</name>
         <load_address>0x852a</load_address>
         <readonly>true</readonly>
         <executable>true</executable>
         <run_address>0x852a</run_address>
         <size>0x20</size>
         <alignment>0x1</alignment>
         <input_file_ref idref="fl-c"/>
      </object_component>
      <object_component id="oc-3eb">
         <name>.text</name>
         <load_address>0x854a</load_address>
         <readonly>true</readonly>
         <executable>true</executable>
         <run_address>0x854a</run_address>
         <size>0x20</size>
         <alignment>0x1</alignment>
         <input_file_ref idref="fl-2d"/>
      </object_component>
      <object_component id="oc-540">
         <name>.text:InitPieCtrl</name>
         <load_address>0x856a</load_address>
         <readonly>true</readonly>
         <executable>true</executable>
         <run_address>0x856a</run_address>
         <size>0x1f</size>
         <alignment>0x1</alignment>
         <input_file_ref idref="fl-a"/>
      </object_component>
      <object_component id="oc-54c">
         <name>.text:GPIO_WritePin</name>
         <load_address>0x8589</load_address>
         <readonly>true</readonly>
         <executable>true</executable>
         <run_address>0x8589</run_address>
         <size>0x1e</size>
         <alignment>0x1</alignment>
         <input_file_ref idref="fl-9"/>
      </object_component>
      <object_component id="oc-5ee">
         <name>.text:PollX1Counter</name>
         <load_address>0x85a7</load_address>
         <readonly>true</readonly>
         <executable>true</executable>
         <run_address>0x85a7</run_address>
         <size>0x1b</size>
         <alignment>0x1</alignment>
         <input_file_ref idref="fl-c"/>
      </object_component>
      <object_component id="oc-4a3">
         <name>.text</name>
         <load_address>0x85c2</load_address>
         <readonly>true</readonly>
         <executable>true</executable>
         <run_address>0x85c2</run_address>
         <size>0x17</size>
         <alignment>0x1</alignment>
         <input_file_ref idref="fl-20"/>
      </object_component>
      <object_component id="oc-5c3">
         <name>.text:SysXtalOscSESel</name>
         <load_address>0x85d9</load_address>
         <readonly>true</readonly>
         <executable>true</executable>
         <run_address>0x85d9</run_address>
         <size>0x15</size>
         <alignment>0x1</alignment>
         <input_file_ref idref="fl-c"/>
      </object_component>
      <object_component id="oc-528">
         <name>.text:InitSysCtrl</name>
         <load_address>0x85ee</load_address>
         <readonly>true</readonly>
         <executable>true</executable>
         <run_address>0x85ee</run_address>
         <size>0x14</size>
         <alignment>0x1</alignment>
         <input_file_ref idref="fl-c"/>
      </object_component>
      <object_component id="oc-4be">
         <name>.text</name>
         <load_address>0x8602</load_address>
         <readonly>true</readonly>
         <executable>true</executable>
         <run_address>0x8602</run_address>
         <size>0x12</size>
         <alignment>0x1</alignment>
         <input_file_ref idref="fl-2a"/>
      </object_component>
      <object_component id="oc-571">
         <name>.text:DisableDog</name>
         <load_address>0x8614</load_address>
         <readonly>true</readonly>
         <executable>true</executable>
         <run_address>0x8614</run_address>
         <size>0xd</size>
         <alignment>0x1</alignment>
         <input_file_ref idref="fl-c"/>
      </object_component>
      <object_component id="oc-3dc">
         <name>.text:EMPTY_ISR</name>
         <load_address>0x8621</load_address>
         <readonly>true</readonly>
         <executable>true</executable>
         <run_address>0x8621</run_address>
         <size>0xd</size>
         <alignment>0x1</alignment>
         <input_file_ref idref="fl-5"/>
      </object_component>
      <object_component id="oc-3f3">
         <name>.text:decompress:ZI:__TI_zero_init_nomemset</name>
         <load_address>0x862e</load_address>
         <readonly>true</readonly>
         <executable>true</executable>
         <run_address>0x862e</run_address>
         <size>0xd</size>
         <alignment>0x1</alignment>
         <input_file_ref idref="fl-25"/>
      </object_component>
      <object_component id="oc-124">
         <name>.text:ADCA1_ISR</name>
         <load_address>0x863b</load_address>
         <readonly>true</readonly>
         <executable>true</executable>
         <run_address>0x863b</run_address>
         <size>0xa</size>
         <alignment>0x1</alignment>
         <input_file_ref idref="fl-5"/>
      </object_component>
      <object_component id="oc-262">
         <name>.text:ADCA2_ISR</name>
         <load_address>0x8645</load_address>
         <readonly>true</readonly>
         <executable>true</executable>
         <run_address>0x8645</run_address>
         <size>0xa</size>
         <alignment>0x1</alignment>
         <input_file_ref idref="fl-5"/>
      </object_component>
      <object_component id="oc-268">
         <name>.text:ADCA3_ISR</name>
         <load_address>0x864f</load_address>
         <readonly>true</readonly>
         <executable>true</executable>
         <run_address>0x864f</run_address>
         <size>0xa</size>
         <alignment>0x1</alignment>
         <input_file_ref idref="fl-5"/>
      </object_component>
      <object_component id="oc-26e">
         <name>.text:ADCA4_ISR</name>
         <load_address>0x8659</load_address>
         <readonly>true</readonly>
         <executable>true</executable>
         <run_address>0x8659</run_address>
         <size>0xa</size>
         <alignment>0x1</alignment>
         <input_file_ref idref="fl-5"/>
      </object_component>
      <object_component id="oc-25c">
         <name>.text:ADCA_EVT_ISR</name>
         <load_address>0x8663</load_address>
         <readonly>true</readonly>
         <executable>true</executable>
         <run_address>0x8663</run_address>
         <size>0xa</size>
         <alignment>0x1</alignment>
         <input_file_ref idref="fl-5"/>
      </object_component>
      <object_component id="oc-12a">
         <name>.text:ADCB1_ISR</name>
         <load_address>0x866d</load_address>
         <readonly>true</readonly>
         <executable>true</executable>
         <run_address>0x866d</run_address>
         <size>0xa</size>
         <alignment>0x1</alignment>
         <input_file_ref idref="fl-5"/>
      </object_component>
      <object_component id="oc-27a">
         <name>.text:ADCB2_ISR</name>
         <load_address>0x8677</load_address>
         <readonly>true</readonly>
         <executable>true</executable>
         <run_address>0x8677</run_address>
         <size>0xa</size>
         <alignment>0x1</alignment>
         <input_file_ref idref="fl-5"/>
      </object_component>
      <object_component id="oc-280">
         <name>.text:ADCB3_ISR</name>
         <load_address>0x8681</load_address>
         <readonly>true</readonly>
         <executable>true</executable>
         <run_address>0x8681</run_address>
         <size>0xa</size>
         <alignment>0x1</alignment>
         <input_file_ref idref="fl-5"/>
      </object_component>
      <object_component id="oc-286">
         <name>.text:ADCB4_ISR</name>
         <load_address>0x868b</load_address>
         <readonly>true</readonly>
         <executable>true</executable>
         <run_address>0x868b</run_address>
         <size>0xa</size>
         <alignment>0x1</alignment>
         <input_file_ref idref="fl-5"/>
      </object_component>
      <object_component id="oc-274">
         <name>.text:ADCB_EVT_ISR</name>
         <load_address>0x8695</load_address>
         <readonly>true</readonly>
         <executable>true</executable>
         <run_address>0x8695</run_address>
         <size>0xa</size>
         <alignment>0x1</alignment>
         <input_file_ref idref="fl-5"/>
      </object_component>
      <object_component id="oc-130">
         <name>.text:ADCC1_ISR</name>
         <load_address>0x869f</load_address>
         <readonly>true</readonly>
         <executable>true</executable>
         <run_address>0x869f</run_address>
         <size>0xa</size>
         <alignment>0x1</alignment>
         <input_file_ref idref="fl-5"/>
      </object_component>
      <object_component id="oc-39a">
         <name>.text:ADCC2_ISR</name>
         <load_address>0x86a9</load_address>
         <readonly>true</readonly>
         <executable>true</executable>
         <run_address>0x86a9</run_address>
         <size>0xa</size>
         <alignment>0x1</alignment>
         <input_file_ref idref="fl-5"/>
      </object_component>
      <object_component id="oc-3a0">
         <name>.text:ADCC3_ISR</name>
         <load_address>0x86b3</load_address>
         <readonly>true</readonly>
         <executable>true</executable>
         <run_address>0x86b3</run_address>
         <size>0xa</size>
         <alignment>0x1</alignment>
         <input_file_ref idref="fl-5"/>
      </object_component>
      <object_component id="oc-3a6">
         <name>.text:ADCC4_ISR</name>
         <load_address>0x86bd</load_address>
         <readonly>true</readonly>
         <executable>true</executable>
         <run_address>0x86bd</run_address>
         <size>0xa</size>
         <alignment>0x1</alignment>
         <input_file_ref idref="fl-5"/>
      </object_component>
      <object_component id="oc-394">
         <name>.text:ADCC_EVT_ISR</name>
         <load_address>0x86c7</load_address>
         <readonly>true</readonly>
         <executable>true</executable>
         <run_address>0x86c7</run_address>
         <size>0xa</size>
         <alignment>0x1</alignment>
         <input_file_ref idref="fl-5"/>
      </object_component>
      <object_component id="oc-3be">
         <name>.text:AES_SINTREQUEST_ISR</name>
         <load_address>0x86d1</load_address>
         <readonly>true</readonly>
         <executable>true</executable>
         <run_address>0x86d1</run_address>
         <size>0xa</size>
         <alignment>0x1</alignment>
         <input_file_ref idref="fl-5"/>
      </object_component>
      <object_component id="oc-3c4">
         <name>.text:BGCRC_CLA1_ISR</name>
         <load_address>0x86db</load_address>
         <readonly>true</readonly>
         <executable>true</executable>
         <run_address>0x86db</run_address>
         <size>0xa</size>
         <alignment>0x1</alignment>
         <input_file_ref idref="fl-5"/>
      </object_component>
      <object_component id="oc-388">
         <name>.text:BGCRC_ISR</name>
         <load_address>0x86e5</load_address>
         <readonly>true</readonly>
         <executable>true</executable>
         <run_address>0x86e5</run_address>
         <size>0xa</size>
         <alignment>0x1</alignment>
         <input_file_ref idref="fl-5"/>
      </object_component>
      <object_component id="oc-250">
         <name>.text:CANA0_ISR</name>
         <load_address>0x86ef</load_address>
         <readonly>true</readonly>
         <executable>true</executable>
         <run_address>0x86ef</run_address>
         <size>0xa</size>
         <alignment>0x1</alignment>
         <input_file_ref idref="fl-5"/>
      </object_component>
      <object_component id="oc-256">
         <name>.text:CANA1_ISR</name>
         <load_address>0x86f9</load_address>
         <readonly>true</readonly>
         <executable>true</executable>
         <run_address>0x86f9</run_address>
         <size>0xa</size>
         <alignment>0x1</alignment>
         <input_file_ref idref="fl-5"/>
      </object_component>
      <object_component id="oc-28c">
         <name>.text:CLA1_1_ISR</name>
         <load_address>0x8703</load_address>
         <readonly>true</readonly>
         <executable>true</executable>
         <run_address>0x8703</run_address>
         <size>0xa</size>
         <alignment>0x1</alignment>
         <input_file_ref idref="fl-5"/>
      </object_component>
      <object_component id="oc-292">
         <name>.text:CLA1_2_ISR</name>
         <load_address>0x870d</load_address>
         <readonly>true</readonly>
         <executable>true</executable>
         <run_address>0x870d</run_address>
         <size>0xa</size>
         <alignment>0x1</alignment>
         <input_file_ref idref="fl-5"/>
      </object_component>
      <object_component id="oc-298">
         <name>.text:CLA1_3_ISR</name>
         <load_address>0x8717</load_address>
         <readonly>true</readonly>
         <executable>true</executable>
         <run_address>0x8717</run_address>
         <size>0xa</size>
         <alignment>0x1</alignment>
         <input_file_ref idref="fl-5"/>
      </object_component>
      <object_component id="oc-29e">
         <name>.text:CLA1_4_ISR</name>
         <load_address>0x8721</load_address>
         <readonly>true</readonly>
         <executable>true</executable>
         <run_address>0x8721</run_address>
         <size>0xa</size>
         <alignment>0x1</alignment>
         <input_file_ref idref="fl-5"/>
      </object_component>
      <object_component id="oc-2a4">
         <name>.text:CLA1_5_ISR</name>
         <load_address>0x872b</load_address>
         <readonly>true</readonly>
         <executable>true</executable>
         <run_address>0x872b</run_address>
         <size>0xa</size>
         <alignment>0x1</alignment>
         <input_file_ref idref="fl-5"/>
      </object_component>
      <object_component id="oc-2aa">
         <name>.text:CLA1_6_ISR</name>
         <load_address>0x8735</load_address>
         <readonly>true</readonly>
         <executable>true</executable>
         <run_address>0x8735</run_address>
         <size>0xa</size>
         <alignment>0x1</alignment>
         <input_file_ref idref="fl-5"/>
      </object_component>
      <object_component id="oc-2b0">
         <name>.text:CLA1_7_ISR</name>
         <load_address>0x873f</load_address>
         <readonly>true</readonly>
         <executable>true</executable>
         <run_address>0x873f</run_address>
         <size>0xa</size>
         <alignment>0x1</alignment>
         <input_file_ref idref="fl-5"/>
      </object_component>
      <object_component id="oc-2b6">
         <name>.text:CLA1_8_ISR</name>
         <load_address>0x8749</load_address>
         <readonly>true</readonly>
         <executable>true</executable>
         <run_address>0x8749</run_address>
         <size>0xa</size>
         <alignment>0x1</alignment>
         <input_file_ref idref="fl-5"/>
      </object_component>
      <object_component id="oc-3ca">
         <name>.text:CLA_OVERFLOW_ISR</name>
         <load_address>0x8753</load_address>
         <readonly>true</readonly>
         <executable>true</executable>
         <run_address>0x8753</run_address>
         <size>0xa</size>
         <alignment>0x1</alignment>
         <input_file_ref idref="fl-5"/>
      </object_component>
      <object_component id="oc-3d0">
         <name>.text:CLA_UNDERFLOW_ISR</name>
         <load_address>0x875d</load_address>
         <readonly>true</readonly>
         <executable>true</executable>
         <run_address>0x875d</run_address>
         <size>0xa</size>
         <alignment>0x1</alignment>
         <input_file_ref idref="fl-5"/>
      </object_component>
      <object_component id="oc-1cc">
         <name>.text:CLB1_ISR</name>
         <load_address>0x8767</load_address>
         <readonly>true</readonly>
         <executable>true</executable>
         <run_address>0x8767</run_address>
         <size>0xa</size>
         <alignment>0x1</alignment>
         <input_file_ref idref="fl-5"/>
      </object_component>
      <object_component id="oc-1d2">
         <name>.text:CLB2_ISR</name>
         <load_address>0x8771</load_address>
         <readonly>true</readonly>
         <executable>true</executable>
         <run_address>0x8771</run_address>
         <size>0xa</size>
         <alignment>0x1</alignment>
         <input_file_ref idref="fl-5"/>
      </object_component>
      <object_component id="oc-1d8">
         <name>.text:CLB3_ISR</name>
         <load_address>0x877b</load_address>
         <readonly>true</readonly>
         <executable>true</executable>
         <run_address>0x877b</run_address>
         <size>0xa</size>
         <alignment>0x1</alignment>
         <input_file_ref idref="fl-5"/>
      </object_component>
      <object_component id="oc-1de">
         <name>.text:CLB4_ISR</name>
         <load_address>0x8785</load_address>
         <readonly>true</readonly>
         <executable>true</executable>
         <run_address>0x8785</run_address>
         <size>0xa</size>
         <alignment>0x1</alignment>
         <input_file_ref idref="fl-5"/>
      </object_component>
      <object_component id="oc-be">
         <name>.text:DATALOG_ISR</name>
         <load_address>0x878f</load_address>
         <readonly>true</readonly>
         <executable>true</executable>
         <run_address>0x878f</run_address>
         <size>0xa</size>
         <alignment>0x1</alignment>
         <input_file_ref idref="fl-5"/>
      </object_component>
      <object_component id="oc-346">
         <name>.text:DCC0_ISR</name>
         <load_address>0x8799</load_address>
         <readonly>true</readonly>
         <executable>true</executable>
         <run_address>0x8799</run_address>
         <size>0xa</size>
         <alignment>0x1</alignment>
         <input_file_ref idref="fl-5"/>
      </object_component>
      <object_component id="oc-36a">
         <name>.text:DCC1_ISR</name>
         <load_address>0x87a3</load_address>
         <readonly>true</readonly>
         <executable>true</executable>
         <run_address>0x87a3</run_address>
         <size>0xa</size>
         <alignment>0x1</alignment>
         <input_file_ref idref="fl-5"/>
      </object_component>
      <object_component id="oc-1fc">
         <name>.text:DMA_CH1_ISR</name>
         <load_address>0x87ad</load_address>
         <readonly>true</readonly>
         <executable>true</executable>
         <run_address>0x87ad</run_address>
         <size>0xa</size>
         <alignment>0x1</alignment>
         <input_file_ref idref="fl-5"/>
      </object_component>
      <object_component id="oc-202">
         <name>.text:DMA_CH2_ISR</name>
         <load_address>0x87b7</load_address>
         <readonly>true</readonly>
         <executable>true</executable>
         <run_address>0x87b7</run_address>
         <size>0xa</size>
         <alignment>0x1</alignment>
         <input_file_ref idref="fl-5"/>
      </object_component>
      <object_component id="oc-208">
         <name>.text:DMA_CH3_ISR</name>
         <load_address>0x87c1</load_address>
         <readonly>true</readonly>
         <executable>true</executable>
         <run_address>0x87c1</run_address>
         <size>0xa</size>
         <alignment>0x1</alignment>
         <input_file_ref idref="fl-5"/>
      </object_component>
      <object_component id="oc-20e">
         <name>.text:DMA_CH4_ISR</name>
         <load_address>0x87cb</load_address>
         <readonly>true</readonly>
         <executable>true</executable>
         <run_address>0x87cb</run_address>
         <size>0xa</size>
         <alignment>0x1</alignment>
         <input_file_ref idref="fl-5"/>
      </object_component>
      <object_component id="oc-214">
         <name>.text:DMA_CH5_ISR</name>
         <load_address>0x87d5</load_address>
         <readonly>true</readonly>
         <executable>true</executable>
         <run_address>0x87d5</run_address>
         <size>0xa</size>
         <alignment>0x1</alignment>
         <input_file_ref idref="fl-5"/>
      </object_component>
      <object_component id="oc-21a">
         <name>.text:DMA_CH6_ISR</name>
         <load_address>0x87df</load_address>
         <readonly>true</readonly>
         <executable>true</executable>
         <run_address>0x87df</run_address>
         <size>0xa</size>
         <alignment>0x1</alignment>
         <input_file_ref idref="fl-5"/>
      </object_component>
      <object_component id="oc-1ae">
         <name>.text:ECAP1_ISR</name>
         <load_address>0x87e9</load_address>
         <readonly>true</readonly>
         <executable>true</executable>
         <run_address>0x87e9</run_address>
         <size>0xa</size>
         <alignment>0x1</alignment>
         <input_file_ref idref="fl-5"/>
      </object_component>
      <object_component id="oc-1b4">
         <name>.text:ECAP2_ISR</name>
         <load_address>0x87f3</load_address>
         <readonly>true</readonly>
         <executable>true</executable>
         <run_address>0x87f3</run_address>
         <size>0xa</size>
         <alignment>0x1</alignment>
         <input_file_ref idref="fl-5"/>
      </object_component>
      <object_component id="oc-4b7">
         <name>.text</name>
         <load_address>0x87fd</load_address>
         <readonly>true</readonly>
         <executable>true</executable>
         <run_address>0x87fd</run_address>
         <size>0x2</size>
         <alignment>0x1</alignment>
         <input_file_ref idref="fl-23"/>
      </object_component>
      <object_component id="oc-513">
         <name>.text</name>
         <load_address>0x87ff</load_address>
         <readonly>true</readonly>
         <executable>true</executable>
         <run_address>0x87ff</run_address>
         <size>0x1</size>
         <alignment>0x1</alignment>
         <input_file_ref idref="fl-2e"/>
      </object_component>
      <object_component id="oc-2ec">
         <name>.text:ECAP3_2_ISR</name>
         <load_address>0x8800</load_address>
         <readonly>true</readonly>
         <executable>true</executable>
         <run_address>0x8800</run_address>
         <size>0xa</size>
         <alignment>0x1</alignment>
         <input_file_ref idref="fl-5"/>
      </object_component>
      <object_component id="oc-1ba">
         <name>.text:ECAP3_ISR</name>
         <load_address>0x880a</load_address>
         <readonly>true</readonly>
         <executable>true</executable>
         <run_address>0x880a</run_address>
         <size>0xa</size>
         <alignment>0x1</alignment>
         <input_file_ref idref="fl-5"/>
      </object_component>
      <object_component id="oc-ca">
         <name>.text:EMU_ISR</name>
         <load_address>0x8814</load_address>
         <readonly>true</readonly>
         <executable>true</executable>
         <run_address>0x8814</run_address>
         <size>0xa</size>
         <alignment>0x1</alignment>
         <input_file_ref idref="fl-5"/>
      </object_component>
      <object_component id="oc-17e">
         <name>.text:EPWM1_ISR</name>
         <load_address>0x881e</load_address>
         <readonly>true</readonly>
         <executable>true</executable>
         <run_address>0x881e</run_address>
         <size>0xa</size>
         <alignment>0x1</alignment>
         <input_file_ref idref="fl-5"/>
      </object_component>
      <object_component id="oc-14e">
         <name>.text:EPWM1_TZ_ISR</name>
         <load_address>0x8828</load_address>
         <readonly>true</readonly>
         <executable>true</executable>
         <run_address>0x8828</run_address>
         <size>0xa</size>
         <alignment>0x1</alignment>
         <input_file_ref idref="fl-5"/>
      </object_component>
      <object_component id="oc-184">
         <name>.text:EPWM2_ISR</name>
         <load_address>0x8832</load_address>
         <readonly>true</readonly>
         <executable>true</executable>
         <run_address>0x8832</run_address>
         <size>0xa</size>
         <alignment>0x1</alignment>
         <input_file_ref idref="fl-5"/>
      </object_component>
      <object_component id="oc-154">
         <name>.text:EPWM2_TZ_ISR</name>
         <load_address>0x883c</load_address>
         <readonly>true</readonly>
         <executable>true</executable>
         <run_address>0x883c</run_address>
         <size>0xa</size>
         <alignment>0x1</alignment>
         <input_file_ref idref="fl-5"/>
      </object_component>
      <object_component id="oc-18a">
         <name>.text:EPWM3_ISR</name>
         <load_address>0x8846</load_address>
         <readonly>true</readonly>
         <executable>true</executable>
         <run_address>0x8846</run_address>
         <size>0xa</size>
         <alignment>0x1</alignment>
         <input_file_ref idref="fl-5"/>
      </object_component>
      <object_component id="oc-15a">
         <name>.text:EPWM3_TZ_ISR</name>
         <load_address>0x8850</load_address>
         <readonly>true</readonly>
         <executable>true</executable>
         <run_address>0x8850</run_address>
         <size>0xa</size>
         <alignment>0x1</alignment>
         <input_file_ref idref="fl-5"/>
      </object_component>
      <object_component id="oc-190">
         <name>.text:EPWM4_ISR</name>
         <load_address>0x885a</load_address>
         <readonly>true</readonly>
         <executable>true</executable>
         <run_address>0x885a</run_address>
         <size>0xa</size>
         <alignment>0x1</alignment>
         <input_file_ref idref="fl-5"/>
      </object_component>
      <object_component id="oc-160">
         <name>.text:EPWM4_TZ_ISR</name>
         <load_address>0x8864</load_address>
         <readonly>true</readonly>
         <executable>true</executable>
         <run_address>0x8864</run_address>
         <size>0xa</size>
         <alignment>0x1</alignment>
         <input_file_ref idref="fl-5"/>
      </object_component>
      <object_component id="oc-196">
         <name>.text:EPWM5_ISR</name>
         <load_address>0x886e</load_address>
         <readonly>true</readonly>
         <executable>true</executable>
         <run_address>0x886e</run_address>
         <size>0xa</size>
         <alignment>0x1</alignment>
         <input_file_ref idref="fl-5"/>
      </object_component>
      <object_component id="oc-166">
         <name>.text:EPWM5_TZ_ISR</name>
         <load_address>0x8878</load_address>
         <readonly>true</readonly>
         <executable>true</executable>
         <run_address>0x8878</run_address>
         <size>0xa</size>
         <alignment>0x1</alignment>
         <input_file_ref idref="fl-5"/>
      </object_component>
      <object_component id="oc-19c">
         <name>.text:EPWM6_ISR</name>
         <load_address>0x8882</load_address>
         <readonly>true</readonly>
         <executable>true</executable>
         <run_address>0x8882</run_address>
         <size>0xa</size>
         <alignment>0x1</alignment>
         <input_file_ref idref="fl-5"/>
      </object_component>
      <object_component id="oc-16c">
         <name>.text:EPWM6_TZ_ISR</name>
         <load_address>0x888c</load_address>
         <readonly>true</readonly>
         <executable>true</executable>
         <run_address>0x888c</run_address>
         <size>0xa</size>
         <alignment>0x1</alignment>
         <input_file_ref idref="fl-5"/>
      </object_component>
      <object_component id="oc-1a2">
         <name>.text:EPWM7_ISR</name>
         <load_address>0x8896</load_address>
         <readonly>true</readonly>
         <executable>true</executable>
         <run_address>0x8896</run_address>
         <size>0xa</size>
         <alignment>0x1</alignment>
         <input_file_ref idref="fl-5"/>
      </object_component>
      <object_component id="oc-172">
         <name>.text:EPWM7_TZ_ISR</name>
         <load_address>0x88a0</load_address>
         <readonly>true</readonly>
         <executable>true</executable>
         <run_address>0x88a0</run_address>
         <size>0xa</size>
         <alignment>0x1</alignment>
         <input_file_ref idref="fl-5"/>
      </object_component>
      <object_component id="oc-1a8">
         <name>.text:EPWM8_ISR</name>
         <load_address>0x88aa</load_address>
         <readonly>true</readonly>
         <executable>true</executable>
         <run_address>0x88aa</run_address>
         <size>0xa</size>
         <alignment>0x1</alignment>
         <input_file_ref idref="fl-5"/>
      </object_component>
      <object_component id="oc-178">
         <name>.text:EPWM8_TZ_ISR</name>
         <load_address>0x88b4</load_address>
         <readonly>true</readonly>
         <executable>true</executable>
         <run_address>0x88b4</run_address>
         <size>0xa</size>
         <alignment>0x1</alignment>
         <input_file_ref idref="fl-5"/>
      </object_component>
      <object_component id="oc-1c0">
         <name>.text:EQEP1_ISR</name>
         <load_address>0x88be</load_address>
         <readonly>true</readonly>
         <executable>true</executable>
         <run_address>0x88be</run_address>
         <size>0xa</size>
         <alignment>0x1</alignment>
         <input_file_ref idref="fl-5"/>
      </object_component>
      <object_component id="oc-1c6">
         <name>.text:EQEP2_ISR</name>
         <load_address>0x88c8</load_address>
         <readonly>true</readonly>
         <executable>true</executable>
         <run_address>0x88c8</run_address>
         <size>0xa</size>
         <alignment>0x1</alignment>
         <input_file_ref idref="fl-5"/>
      </object_component>
      <object_component id="oc-3b2">
         <name>.text:FLASH_CORR_ERR_ISR</name>
         <load_address>0x88d2</load_address>
         <readonly>true</readonly>
         <executable>true</executable>
         <run_address>0x88d2</run_address>
         <size>0xa</size>
         <alignment>0x1</alignment>
         <input_file_ref idref="fl-5"/>
      </object_component>
      <object_component id="oc-2d4">
         <name>.text:FMC_ISR</name>
         <load_address>0x88dc</load_address>
         <readonly>true</readonly>
         <executable>true</executable>
         <run_address>0x88dc</run_address>
         <size>0xa</size>
         <alignment>0x1</alignment>
         <input_file_ref idref="fl-5"/>
      </object_component>
      <object_component id="oc-2da">
         <name>.text:FPU_OVERFLOW_ISR</name>
         <load_address>0x88e6</load_address>
         <readonly>true</readonly>
         <executable>true</executable>
         <run_address>0x88e6</run_address>
         <size>0xa</size>
         <alignment>0x1</alignment>
         <input_file_ref idref="fl-5"/>
      </object_component>
      <object_component id="oc-2e0">
         <name>.text:FPU_UNDERFLOW_ISR</name>
         <load_address>0x88f0</load_address>
         <readonly>true</readonly>
         <executable>true</executable>
         <run_address>0x88f0</run_address>
         <size>0xa</size>
         <alignment>0x1</alignment>
         <input_file_ref idref="fl-5"/>
      </object_component>
      <object_component id="oc-33a">
         <name>.text:FSIRXA1_ISR</name>
         <load_address>0x88fa</load_address>
         <readonly>true</readonly>
         <executable>true</executable>
         <run_address>0x88fa</run_address>
         <size>0xa</size>
         <alignment>0x1</alignment>
         <input_file_ref idref="fl-5"/>
      </object_component>
      <object_component id="oc-340">
         <name>.text:FSIRXA2_ISR</name>
         <load_address>0x8904</load_address>
         <readonly>true</readonly>
         <executable>true</executable>
         <run_address>0x8904</run_address>
         <size>0xa</size>
         <alignment>0x1</alignment>
         <input_file_ref idref="fl-5"/>
      </object_component>
      <object_component id="oc-32e">
         <name>.text:FSITXA1_ISR</name>
         <load_address>0x890e</load_address>
         <readonly>true</readonly>
         <executable>true</executable>
         <run_address>0x890e</run_address>
         <size>0xa</size>
         <alignment>0x1</alignment>
         <input_file_ref idref="fl-5"/>
      </object_component>
      <object_component id="oc-334">
         <name>.text:FSITXA2_ISR</name>
         <load_address>0x8918</load_address>
         <readonly>true</readonly>
         <executable>true</executable>
         <run_address>0x8918</run_address>
         <size>0xa</size>
         <alignment>0x1</alignment>
         <input_file_ref idref="fl-5"/>
      </object_component>
      <object_component id="oc-38e">
         <name>.text:HICA_ISR</name>
         <load_address>0x8922</load_address>
         <readonly>true</readonly>
         <executable>true</executable>
         <run_address>0x8922</run_address>
         <size>0xa</size>
         <alignment>0x1</alignment>
         <input_file_ref idref="fl-5"/>
      </object_component>
      <object_component id="oc-226">
         <name>.text:I2CA_FIFO_ISR</name>
         <load_address>0x892c</load_address>
         <readonly>true</readonly>
         <executable>true</executable>
         <run_address>0x892c</run_address>
         <size>0xa</size>
         <alignment>0x1</alignment>
         <input_file_ref idref="fl-5"/>
      </object_component>
      <object_component id="oc-220">
         <name>.text:I2CA_ISR</name>
         <load_address>0x8936</load_address>
         <readonly>true</readonly>
         <executable>true</executable>
         <run_address>0x8936</run_address>
         <size>0xa</size>
         <alignment>0x1</alignment>
         <input_file_ref idref="fl-5"/>
      </object_component>
      <object_component id="oc-232">
         <name>.text:I2CB_FIFO_ISR</name>
         <load_address>0x8940</load_address>
         <readonly>true</readonly>
         <executable>true</executable>
         <run_address>0x8940</run_address>
         <size>0xa</size>
         <alignment>0x1</alignment>
         <input_file_ref idref="fl-5"/>
      </object_component>
      <object_component id="oc-22c">
         <name>.text:I2CB_ISR</name>
         <load_address>0x894a</load_address>
         <readonly>true</readonly>
         <executable>true</executable>
         <run_address>0x894a</run_address>
         <size>0xa</size>
         <alignment>0x1</alignment>
         <input_file_ref idref="fl-5"/>
      </object_component>
      <object_component id="oc-d6">
         <name>.text:ILLEGAL_ISR</name>
         <load_address>0x8954</load_address>
         <readonly>true</readonly>
         <executable>true</executable>
         <run_address>0x8954</run_address>
         <size>0xa</size>
         <alignment>0x1</alignment>
         <input_file_ref idref="fl-5"/>
      </object_component>
      <object_component id="oc-34c">
         <name>.text:LINA_0_ISR</name>
         <load_address>0x895e</load_address>
         <readonly>true</readonly>
         <executable>true</executable>
         <run_address>0x895e</run_address>
         <size>0xa</size>
         <alignment>0x1</alignment>
         <input_file_ref idref="fl-5"/>
      </object_component>
      <object_component id="oc-352">
         <name>.text:LINA_1_ISR</name>
         <load_address>0x8968</load_address>
         <readonly>true</readonly>
         <executable>true</executable>
         <run_address>0x8968</run_address>
         <size>0xa</size>
         <alignment>0x1</alignment>
         <input_file_ref idref="fl-5"/>
      </object_component>
      <object_component id="oc-358">
         <name>.text:LINB_0_ISR</name>
         <load_address>0x8972</load_address>
         <readonly>true</readonly>
         <executable>true</executable>
         <run_address>0x8972</run_address>
         <size>0xa</size>
         <alignment>0x1</alignment>
         <input_file_ref idref="fl-5"/>
      </object_component>
      <object_component id="oc-35e">
         <name>.text:LINB_1_ISR</name>
         <load_address>0x897c</load_address>
         <readonly>true</readonly>
         <executable>true</executable>
         <run_address>0x897c</run_address>
         <size>0xa</size>
         <alignment>0x1</alignment>
         <input_file_ref idref="fl-5"/>
      </object_component>
      <object_component id="oc-370">
         <name>.text:MCANA_0_ISR</name>
         <load_address>0x8986</load_address>
         <readonly>true</readonly>
         <executable>true</executable>
         <run_address>0x8986</run_address>
         <size>0xa</size>
         <alignment>0x1</alignment>
         <input_file_ref idref="fl-5"/>
      </object_component>
      <object_component id="oc-376">
         <name>.text:MCANA_1_ISR</name>
         <load_address>0x8990</load_address>
         <readonly>true</readonly>
         <executable>true</executable>
         <run_address>0x8990</run_address>
         <size>0xa</size>
         <alignment>0x1</alignment>
         <input_file_ref idref="fl-5"/>
      </object_component>
      <object_component id="oc-37c">
         <name>.text:MCANA_ECC_ISR</name>
         <load_address>0x899a</load_address>
         <readonly>true</readonly>
         <executable>true</executable>
         <run_address>0x899a</run_address>
         <size>0xa</size>
         <alignment>0x1</alignment>
         <input_file_ref idref="fl-5"/>
      </object_component>
      <object_component id="oc-382">
         <name>.text:MCANA_WAKE_ISR</name>
         <load_address>0x89a4</load_address>
         <readonly>true</readonly>
         <executable>true</executable>
         <run_address>0x89a4</run_address>
         <size>0xa</size>
         <alignment>0x1</alignment>
         <input_file_ref idref="fl-5"/>
      </object_component>
      <object_component id="oc-2ce">
         <name>.text:MPOST_ISR</name>
         <load_address>0x89ae</load_address>
         <readonly>true</readonly>
         <executable>true</executable>
         <run_address>0x89ae</run_address>
         <size>0xa</size>
         <alignment>0x1</alignment>
         <input_file_ref idref="fl-5"/>
      </object_component>
      <object_component id="oc-d0">
         <name>.text:NMI_ISR</name>
         <load_address>0x89b8</load_address>
         <readonly>true</readonly>
         <executable>true</executable>
         <run_address>0x89b8</run_address>
         <size>0xa</size>
         <alignment>0x1</alignment>
         <input_file_ref idref="fl-5"/>
      </object_component>
      <object_component id="oc-3e2">
         <name>.text:NOTUSED_ISR</name>
         <load_address>0x89c2</load_address>
         <readonly>true</readonly>
         <executable>true</executable>
         <run_address>0x89c2</run_address>
         <size>0xa</size>
         <alignment>0x1</alignment>
         <input_file_ref idref="fl-5"/>
      </object_component>
      <object_component id="oc-3d6">
         <name>.text:PIE_RESERVED_ISR</name>
         <load_address>0x89cc</load_address>
         <readonly>true</readonly>
         <executable>true</executable>
         <run_address>0x89cc</run_address>
         <size>0xa</size>
         <alignment>0x1</alignment>
         <input_file_ref idref="fl-5"/>
      </object_component>
      <object_component id="oc-364">
         <name>.text:PMBUSA_ISR</name>
         <load_address>0x89d6</load_address>
         <readonly>true</readonly>
         <executable>true</executable>
         <run_address>0x89d6</run_address>
         <size>0xa</size>
         <alignment>0x1</alignment>
         <input_file_ref idref="fl-5"/>
      </object_component>
      <object_component id="oc-3b8">
         <name>.text:RAM_ACC_VIOL_ISR</name>
         <load_address>0x89e0</load_address>
         <readonly>true</readonly>
         <executable>true</executable>
         <run_address>0x89e0</run_address>
         <size>0xa</size>
         <alignment>0x1</alignment>
         <input_file_ref idref="fl-5"/>
      </object_component>
      <object_component id="oc-3ac">
         <name>.text:RAM_CORR_ERR_ISR</name>
         <load_address>0x89ea</load_address>
         <readonly>true</readonly>
         <executable>true</executable>
         <run_address>0x89ea</run_address>
         <size>0xa</size>
         <alignment>0x1</alignment>
         <input_file_ref idref="fl-5"/>
      </object_component>
      <object_component id="oc-c4">
         <name>.text:RTOS_ISR</name>
         <load_address>0x89f4</load_address>
         <readonly>true</readonly>
         <executable>true</executable>
         <run_address>0x89f4</run_address>
         <size>0xa</size>
         <alignment>0x1</alignment>
         <input_file_ref idref="fl-5"/>
      </object_component>
      <object_component id="oc-238">
         <name>.text:SCIA_RX_ISR</name>
         <load_address>0x89fe</load_address>
         <readonly>true</readonly>
         <executable>true</executable>
         <run_address>0x89fe</run_address>
         <size>0xa</size>
         <alignment>0x1</alignment>
         <input_file_ref idref="fl-5"/>
      </object_component>
      <object_component id="oc-23e">
         <name>.text:SCIA_TX_ISR</name>
         <load_address>0x8a08</load_address>
         <readonly>true</readonly>
         <executable>true</executable>
         <run_address>0x8a08</run_address>
         <size>0xa</size>
         <alignment>0x1</alignment>
         <input_file_ref idref="fl-5"/>
      </object_component>
      <object_component id="oc-244">
         <name>.text:SCIB_RX_ISR</name>
         <load_address>0x8a12</load_address>
         <readonly>true</readonly>
         <executable>true</executable>
         <run_address>0x8a12</run_address>
         <size>0xa</size>
         <alignment>0x1</alignment>
         <input_file_ref idref="fl-5"/>
      </object_component>
      <object_component id="oc-24a">
         <name>.text:SCIB_TX_ISR</name>
         <load_address>0x8a1c</load_address>
         <readonly>true</readonly>
         <executable>true</executable>
         <run_address>0x8a1c</run_address>
         <size>0xa</size>
         <alignment>0x1</alignment>
         <input_file_ref idref="fl-5"/>
      </object_component>
      <object_component id="oc-2fe">
         <name>.text:SDFM1DR1_ISR</name>
         <load_address>0x8a26</load_address>
         <readonly>true</readonly>
         <executable>true</executable>
         <run_address>0x8a26</run_address>
         <size>0xa</size>
         <alignment>0x1</alignment>
         <input_file_ref idref="fl-5"/>
      </object_component>
      <object_component id="oc-304">
         <name>.text:SDFM1DR2_ISR</name>
         <load_address>0x8a30</load_address>
         <readonly>true</readonly>
         <executable>true</executable>
         <run_address>0x8a30</run_address>
         <size>0xa</size>
         <alignment>0x1</alignment>
         <input_file_ref idref="fl-5"/>
      </object_component>
      <object_component id="oc-30a">
         <name>.text:SDFM1DR3_ISR</name>
         <load_address>0x8a3a</load_address>
         <readonly>true</readonly>
         <executable>true</executable>
         <run_address>0x8a3a</run_address>
         <size>0xa</size>
         <alignment>0x1</alignment>
         <input_file_ref idref="fl-5"/>
      </object_component>
      <object_component id="oc-310">
         <name>.text:SDFM1DR4_ISR</name>
         <load_address>0x8a44</load_address>
         <readonly>true</readonly>
         <executable>true</executable>
         <run_address>0x8a44</run_address>
         <size>0xa</size>
         <alignment>0x1</alignment>
         <input_file_ref idref="fl-5"/>
      </object_component>
      <object_component id="oc-2f2">
         <name>.text:SDFM1_ISR</name>
         <load_address>0x8a4e</load_address>
         <readonly>true</readonly>
         <executable>true</executable>
         <run_address>0x8a4e</run_address>
         <size>0xa</size>
         <alignment>0x1</alignment>
         <input_file_ref idref="fl-5"/>
      </object_component>
      <object_component id="oc-316">
         <name>.text:SDFM2DR1_ISR</name>
         <load_address>0x8a58</load_address>
         <readonly>true</readonly>
         <executable>true</executable>
         <run_address>0x8a58</run_address>
         <size>0xa</size>
         <alignment>0x1</alignment>
         <input_file_ref idref="fl-5"/>
      </object_component>
      <object_component id="oc-31c">
         <name>.text:SDFM2DR2_ISR</name>
         <load_address>0x8a62</load_address>
         <readonly>true</readonly>
         <executable>true</executable>
         <run_address>0x8a62</run_address>
         <size>0xa</size>
         <alignment>0x1</alignment>
         <input_file_ref idref="fl-5"/>
      </object_component>
      <object_component id="oc-322">
         <name>.text:SDFM2DR3_ISR</name>
         <load_address>0x8a6c</load_address>
         <readonly>true</readonly>
         <executable>true</executable>
         <run_address>0x8a6c</run_address>
         <size>0xa</size>
         <alignment>0x1</alignment>
         <input_file_ref idref="fl-5"/>
      </object_component>
      <object_component id="oc-328">
         <name>.text:SDFM2DR4_ISR</name>
         <load_address>0x8a76</load_address>
         <readonly>true</readonly>
         <executable>true</executable>
         <run_address>0x8a76</run_address>
         <size>0xa</size>
         <alignment>0x1</alignment>
         <input_file_ref idref="fl-5"/>
      </object_component>
      <object_component id="oc-2f8">
         <name>.text:SDFM2_ISR</name>
         <load_address>0x8a80</load_address>
         <readonly>true</readonly>
         <executable>true</executable>
         <run_address>0x8a80</run_address>
         <size>0xa</size>
         <alignment>0x1</alignment>
         <input_file_ref idref="fl-5"/>
      </object_component>
      <object_component id="oc-1e4">
         <name>.text:SPIA_RX_ISR</name>
         <load_address>0x8a8a</load_address>
         <readonly>true</readonly>
         <executable>true</executable>
         <run_address>0x8a8a</run_address>
         <size>0xa</size>
         <alignment>0x1</alignment>
         <input_file_ref idref="fl-5"/>
      </object_component>
      <object_component id="oc-1ea">
         <name>.text:SPIA_TX_ISR</name>
         <load_address>0x8a94</load_address>
         <readonly>true</readonly>
         <executable>true</executable>
         <run_address>0x8a94</run_address>
         <size>0xa</size>
         <alignment>0x1</alignment>
         <input_file_ref idref="fl-5"/>
      </object_component>
      <object_component id="oc-1f0">
         <name>.text:SPIB_RX_ISR</name>
         <load_address>0x8a9e</load_address>
         <readonly>true</readonly>
         <executable>true</executable>
         <run_address>0x8a9e</run_address>
         <size>0xa</size>
         <alignment>0x1</alignment>
         <input_file_ref idref="fl-5"/>
      </object_component>
      <object_component id="oc-1f6">
         <name>.text:SPIB_TX_ISR</name>
         <load_address>0x8aa8</load_address>
         <readonly>true</readonly>
         <executable>true</executable>
         <run_address>0x8aa8</run_address>
         <size>0xa</size>
         <alignment>0x1</alignment>
         <input_file_ref idref="fl-5"/>
      </object_component>
      <object_component id="oc-2e6">
         <name>.text:SYS_ERR_ISR</name>
         <load_address>0x8ab2</load_address>
         <readonly>true</readonly>
         <executable>true</executable>
         <run_address>0x8ab2</run_address>
         <size>0xa</size>
         <alignment>0x1</alignment>
         <input_file_ref idref="fl-5"/>
      </object_component>
      <object_component id="oc-142">
         <name>.text:TIMER0_ISR</name>
         <load_address>0x8abc</load_address>
         <readonly>true</readonly>
         <executable>true</executable>
         <run_address>0x8abc</run_address>
         <size>0xa</size>
         <alignment>0x1</alignment>
         <input_file_ref idref="fl-5"/>
      </object_component>
      <object_component id="oc-af">
         <name>.text:TIMER1_ISR</name>
         <load_address>0x8ac6</load_address>
         <readonly>true</readonly>
         <executable>true</executable>
         <run_address>0x8ac6</run_address>
         <size>0xa</size>
         <alignment>0x1</alignment>
         <input_file_ref idref="fl-5"/>
      </object_component>
      <object_component id="oc-b8">
         <name>.text:TIMER2_ISR</name>
         <load_address>0x8ad0</load_address>
         <readonly>true</readonly>
         <executable>true</executable>
         <run_address>0x8ad0</run_address>
         <size>0xa</size>
         <alignment>0x1</alignment>
         <input_file_ref idref="fl-5"/>
      </object_component>
      <object_component id="oc-112">
         <name>.text:USER10_ISR</name>
         <load_address>0x8ada</load_address>
         <readonly>true</readonly>
         <executable>true</executable>
         <run_address>0x8ada</run_address>
         <size>0xa</size>
         <alignment>0x1</alignment>
         <input_file_ref idref="fl-5"/>
      </object_component>
      <object_component id="oc-118">
         <name>.text:USER11_ISR</name>
         <load_address>0x8ae4</load_address>
         <readonly>true</readonly>
         <executable>true</executable>
         <run_address>0x8ae4</run_address>
         <size>0xa</size>
         <alignment>0x1</alignment>
         <input_file_ref idref="fl-5"/>
      </object_component>
      <object_component id="oc-11e">
         <name>.text:USER12_ISR</name>
         <load_address>0x8aee</load_address>
         <readonly>true</readonly>
         <executable>true</executable>
         <run_address>0x8aee</run_address>
         <size>0xa</size>
         <alignment>0x1</alignment>
         <input_file_ref idref="fl-5"/>
      </object_component>
      <object_component id="oc-dc">
         <name>.text:USER1_ISR</name>
         <load_address>0x8af8</load_address>
         <readonly>true</readonly>
         <executable>true</executable>
         <run_address>0x8af8</run_address>
         <size>0xa</size>
         <alignment>0x1</alignment>
         <input_file_ref idref="fl-5"/>
      </object_component>
      <object_component id="oc-e2">
         <name>.text:USER2_ISR</name>
         <load_address>0x8b02</load_address>
         <readonly>true</readonly>
         <executable>true</executable>
         <run_address>0x8b02</run_address>
         <size>0xa</size>
         <alignment>0x1</alignment>
         <input_file_ref idref="fl-5"/>
      </object_component>
      <object_component id="oc-e8">
         <name>.text:USER3_ISR</name>
         <load_address>0x8b0c</load_address>
         <readonly>true</readonly>
         <executable>true</executable>
         <run_address>0x8b0c</run_address>
         <size>0xa</size>
         <alignment>0x1</alignment>
         <input_file_ref idref="fl-5"/>
      </object_component>
      <object_component id="oc-ee">
         <name>.text:USER4_ISR</name>
         <load_address>0x8b16</load_address>
         <readonly>true</readonly>
         <executable>true</executable>
         <run_address>0x8b16</run_address>
         <size>0xa</size>
         <alignment>0x1</alignment>
         <input_file_ref idref="fl-5"/>
      </object_component>
      <object_component id="oc-f4">
         <name>.text:USER5_ISR</name>
         <load_address>0x8b20</load_address>
         <readonly>true</readonly>
         <executable>true</executable>
         <run_address>0x8b20</run_address>
         <size>0xa</size>
         <alignment>0x1</alignment>
         <input_file_ref idref="fl-5"/>
      </object_component>
      <object_component id="oc-fa">
         <name>.text:USER6_ISR</name>
         <load_address>0x8b2a</load_address>
         <readonly>true</readonly>
         <executable>true</executable>
         <run_address>0x8b2a</run_address>
         <size>0xa</size>
         <alignment>0x1</alignment>
         <input_file_ref idref="fl-5"/>
      </object_component>
      <object_component id="oc-100">
         <name>.text:USER7_ISR</name>
         <load_address>0x8b34</load_address>
         <readonly>true</readonly>
         <executable>true</executable>
         <run_address>0x8b34</run_address>
         <size>0xa</size>
         <alignment>0x1</alignment>
         <input_file_ref idref="fl-5"/>
      </object_component>
      <object_component id="oc-106">
         <name>.text:USER8_ISR</name>
         <load_address>0x8b3e</load_address>
         <readonly>true</readonly>
         <executable>true</executable>
         <run_address>0x8b3e</run_address>
         <size>0xa</size>
         <alignment>0x1</alignment>
         <input_file_ref idref="fl-5"/>
      </object_component>
      <object_component id="oc-10c">
         <name>.text:USER9_ISR</name>
         <load_address>0x8b48</load_address>
         <readonly>true</readonly>
         <executable>true</executable>
         <run_address>0x8b48</run_address>
         <size>0xa</size>
         <alignment>0x1</alignment>
         <input_file_ref idref="fl-5"/>
      </object_component>
      <object_component id="oc-148">
         <name>.text:WAKE_ISR</name>
         <load_address>0x8b52</load_address>
         <readonly>true</readonly>
         <executable>true</executable>
         <run_address>0x8b52</run_address>
         <size>0xa</size>
         <alignment>0x1</alignment>
         <input_file_ref idref="fl-5"/>
      </object_component>
      <object_component id="oc-136">
         <name>.text:XINT1_ISR</name>
         <load_address>0x8b5c</load_address>
         <readonly>true</readonly>
         <executable>true</executable>
         <run_address>0x8b5c</run_address>
         <size>0xa</size>
         <alignment>0x1</alignment>
         <input_file_ref idref="fl-5"/>
      </object_component>
      <object_component id="oc-13c">
         <name>.text:XINT2_ISR</name>
         <load_address>0x8b66</load_address>
         <readonly>true</readonly>
         <executable>true</executable>
         <run_address>0x8b66</run_address>
         <size>0xa</size>
         <alignment>0x1</alignment>
         <input_file_ref idref="fl-5"/>
      </object_component>
      <object_component id="oc-2bc">
         <name>.text:XINT3_ISR</name>
         <load_address>0x8b70</load_address>
         <readonly>true</readonly>
         <executable>true</executable>
         <run_address>0x8b70</run_address>
         <size>0xa</size>
         <alignment>0x1</alignment>
         <input_file_ref idref="fl-5"/>
      </object_component>
      <object_component id="oc-2c2">
         <name>.text:XINT4_ISR</name>
         <load_address>0x8b7a</load_address>
         <readonly>true</readonly>
         <executable>true</executable>
         <run_address>0x8b7a</run_address>
         <size>0xa</size>
         <alignment>0x1</alignment>
         <input_file_ref idref="fl-5"/>
      </object_component>
      <object_component id="oc-2c8">
         <name>.text:XINT5_ISR</name>
         <load_address>0x8b84</load_address>
         <readonly>true</readonly>
         <executable>true</executable>
         <run_address>0x8b84</run_address>
         <size>0xa</size>
         <alignment>0x1</alignment>
         <input_file_ref idref="fl-5"/>
      </object_component>
      <object_component id="oc-5b1">
         <name>.text:SysIntOsc1Sel</name>
         <load_address>0x8b8e</load_address>
         <readonly>true</readonly>
         <executable>true</executable>
         <run_address>0x8b8e</run_address>
         <size>0x9</size>
         <alignment>0x1</alignment>
         <input_file_ref idref="fl-c"/>
      </object_component>
      <object_component id="oc-55e">
         <name>.text</name>
         <load_address>0x8b97</load_address>
         <readonly>true</readonly>
         <executable>true</executable>
         <run_address>0x8b97</run_address>
         <size>0x9</size>
         <alignment>0x1</alignment>
         <input_file_ref idref="fl-29"/>
      </object_component>
      <object_component id="oc-a3">
         <name>.text:decompress:none</name>
         <load_address>0x8ba0</load_address>
         <readonly>true</readonly>
         <executable>true</executable>
         <run_address>0x8ba0</run_address>
         <size>0x8</size>
         <alignment>0x1</alignment>
         <input_file_ref idref="fl-26"/>
      </object_component>
      <object_component id="oc-3ff">
         <name>.text</name>
         <load_address>0x8ba8</load_address>
         <readonly>true</readonly>
         <executable>true</executable>
         <run_address>0x8ba8</run_address>
         <size>0x8</size>
         <alignment>0x1</alignment>
         <input_file_ref idref="fl-3"/>
      </object_component>
      <object_component id="oc-5b7">
         <name>.text:SysIntOsc2Sel</name>
         <load_address>0x8bb0</load_address>
         <readonly>true</readonly>
         <executable>true</executable>
         <run_address>0x8bb0</run_address>
         <size>0x7</size>
         <alignment>0x1</alignment>
         <input_file_ref idref="fl-c"/>
      </object_component>
      <object_component id="oc-6c4">
         <name>.cinit..data.load</name>
         <load_address>0x12c</load_address>
         <readonly>true</readonly>
         <run_address>0x12c</run_address>
         <size>0x8</size>
         <alignment>0x1</alignment>
      </object_component>
      <object_component id="oc-6c2">
         <name>__TI_handler_table</name>
         <load_address>0x134</load_address>
         <readonly>true</readonly>
         <run_address>0x134</run_address>
         <size>0x6</size>
         <alignment>0x2</alignment>
      </object_component>
      <object_component id="oc-6c5">
         <name>.cinit.PieVectTableFile.load</name>
         <load_address>0x13a</load_address>
         <readonly>true</readonly>
         <run_address>0x13a</run_address>
         <size>0x4</size>
         <alignment>0x2</alignment>
      </object_component>
      <object_component id="oc-6c3">
         <name>__TI_cinit_table</name>
         <load_address>0x13e</load_address>
         <readonly>true</readonly>
         <run_address>0x13e</run_address>
         <size>0x8</size>
         <alignment>0x2</alignment>
      </object_component>
      <object_component id="oc-3e8">
         <name>.stack</name>
         <uninitialized>true</uninitialized>
         <readwrite>true</readwrite>
         <run_address>0x400</run_address>
         <size>0x0</size>
         <alignment>0x1</alignment>
         <input_file_ref idref="fl-20"/>
      </object_component>
      <object_component id="oc-6c6">
         <name>.stack</name>
         <uninitialized>true</uninitialized>
         <readwrite>true</readwrite>
         <run_address>0x400</run_address>
         <size>0x0</size>
         <alignment>0x2</alignment>
      </object_component>
      <object_component id="oc-b5">
         <name>.const</name>
         <load_address>0xa800</load_address>
         <readonly>true</readonly>
         <run_address>0xa800</run_address>
         <size>0x1c0</size>
         <alignment>0x2</alignment>
         <input_file_ref idref="fl-b"/>
      </object_component>
      <object_component id="oc-508">
         <name>.data</name>
         <load_address>0xa9c0</load_address>
         <readwrite>true</readwrite>
         <run_address>0xa9c0</run_address>
         <size>0x6</size>
         <alignment>0x2</alignment>
         <input_file_ref idref="fl-28"/>
      </object_component>
      <object_component id="oc-50b">
         <name>.data:_lock</name>
         <load_address>0xa9c6</load_address>
         <readwrite>true</readwrite>
         <run_address>0xa9c6</run_address>
         <size>0x2</size>
         <alignment>0x2</alignment>
         <input_file_ref idref="fl-29"/>
      </object_component>
      <object_component id="oc-59d">
         <name>.data:_unlock</name>
         <load_address>0xa9c8</load_address>
         <readwrite>true</readwrite>
         <run_address>0xa9c8</run_address>
         <size>0x2</size>
         <alignment>0x2</alignment>
         <input_file_ref idref="fl-29"/>
      </object_component>
      <object_component id="oc-594">
         <name>PieVectTableFile</name>
         <uninitialized>true</uninitialized>
         <readwrite>true</readwrite>
         <run_address>0xd00</run_address>
         <size>0x1c0</size>
         <alignment>0x2</alignment>
         <input_file_ref idref="fl-8"/>
      </object_component>
      <object_component id="oc-5ae">
         <name>ClkCfgRegsFile</name>
         <uninitialized>true</uninitialized>
         <readwrite>true</readwrite>
         <run_address>0x5d200</run_address>
         <size>0x3e</size>
         <alignment>0x2</alignment>
         <input_file_ref idref="fl-8"/>
      </object_component>
      <object_component id="oc-5d0">
         <name>CpuSysRegsFile</name>
         <uninitialized>true</uninitialized>
         <readwrite>true</readwrite>
         <run_address>0x5d300</run_address>
         <size>0xa0</size>
         <alignment>0x2</alignment>
         <input_file_ref idref="fl-8"/>
      </object_component>
      <object_component id="oc-5f6">
         <name>Dcc0RegsFile</name>
         <uninitialized>true</uninitialized>
         <readwrite>true</readwrite>
         <run_address>0x5e700</run_address>
         <size>0x2c</size>
         <alignment>0x4</alignment>
         <input_file_ref idref="fl-8"/>
      </object_component>
      <object_component id="oc-5f9">
         <name>Dcc1RegsFile</name>
         <uninitialized>true</uninitialized>
         <readwrite>true</readwrite>
         <run_address>0x5e740</run_address>
         <size>0x2c</size>
         <alignment>0x4</alignment>
         <input_file_ref idref="fl-8"/>
      </object_component>
      <object_component id="oc-585">
         <name>GpioCtrlRegsFile</name>
         <uninitialized>true</uninitialized>
         <readwrite>true</readwrite>
         <run_address>0x7c00</run_address>
         <size>0x200</size>
         <alignment>0x2</alignment>
         <input_file_ref idref="fl-8"/>
      </object_component>
      <object_component id="oc-588">
         <name>GpioDataRegsFile</name>
         <uninitialized>true</uninitialized>
         <readwrite>true</readwrite>
         <run_address>0x7f00</run_address>
         <size>0x3a</size>
         <alignment>0x2</alignment>
         <input_file_ref idref="fl-8"/>
      </object_component>
      <object_component id="oc-58f">
         <name>PieCtrlRegsFile</name>
         <uninitialized>true</uninitialized>
         <readwrite>true</readwrite>
         <run_address>0xce0</run_address>
         <size>0x1a</size>
         <alignment>0x1</alignment>
         <input_file_ref idref="fl-8"/>
      </object_component>
      <object_component id="oc-5aa">
         <name>WdRegsFile</name>
         <uninitialized>true</uninitialized>
         <readwrite>true</readwrite>
         <run_address>0x7000</run_address>
         <size>0x2b</size>
         <alignment>0x1</alignment>
         <input_file_ref idref="fl-8"/>
      </object_component>
      <object_component id="oc-ac">
         <name>.debug_info</name>
         <load_address>0x0</load_address>
         <run_address>0x0</run_address>
         <size>0x121</size>
         <alignment>0x0</alignment>
         <input_file_ref idref="fl-3"/>
      </object_component>
      <object_component id="oc-402">
         <name>.debug_info</name>
         <load_address>0x121</load_address>
         <run_address>0x121</run_address>
         <size>0x122</size>
         <alignment>0x0</alignment>
         <input_file_ref idref="fl-3"/>
      </object_component>
      <object_component id="oc-b0">
         <name>.debug_info</name>
         <load_address>0x243</load_address>
         <run_address>0x243</run_address>
         <size>0x132</size>
         <alignment>0x0</alignment>
         <input_file_ref idref="fl-5"/>
      </object_component>
      <object_component id="oc-b9">
         <name>.debug_info</name>
         <load_address>0x375</load_address>
         <run_address>0x375</run_address>
         <size>0x132</size>
         <alignment>0x0</alignment>
         <input_file_ref idref="fl-5"/>
      </object_component>
      <object_component id="oc-bf">
         <name>.debug_info</name>
         <load_address>0x4a7</load_address>
         <run_address>0x4a7</run_address>
         <size>0x134</size>
         <alignment>0x0</alignment>
         <input_file_ref idref="fl-5"/>
      </object_component>
      <object_component id="oc-c5">
         <name>.debug_info</name>
         <load_address>0x5db</load_address>
         <run_address>0x5db</run_address>
         <size>0x12e</size>
         <alignment>0x0</alignment>
         <input_file_ref idref="fl-5"/>
      </object_component>
      <object_component id="oc-cb">
         <name>.debug_info</name>
         <load_address>0x709</load_address>
         <run_address>0x709</run_address>
         <size>0x12c</size>
         <alignment>0x0</alignment>
         <input_file_ref idref="fl-5"/>
      </object_component>
      <object_component id="oc-d1">
         <name>.debug_info</name>
         <load_address>0x835</load_address>
         <run_address>0x835</run_address>
         <size>0x12c</size>
         <alignment>0x0</alignment>
         <input_file_ref idref="fl-5"/>
      </object_component>
      <object_component id="oc-d7">
         <name>.debug_info</name>
         <load_address>0x961</load_address>
         <run_address>0x961</run_address>
         <size>0x134</size>
         <alignment>0x0</alignment>
         <input_file_ref idref="fl-5"/>
      </object_component>
      <object_component id="oc-dd">
         <name>.debug_info</name>
         <load_address>0xa95</load_address>
         <run_address>0xa95</run_address>
         <size>0x130</size>
         <alignment>0x0</alignment>
         <input_file_ref idref="fl-5"/>
      </object_component>
      <object_component id="oc-e3">
         <name>.debug_info</name>
         <load_address>0xbc5</load_address>
         <run_address>0xbc5</run_address>
[...]
         <object_component_ref idref="oc-19c"/>
      </symbol>
      <symbol id="sm-547">
         <name>RAM_ACC_VIOL_ISR</name>
         <value>0x89e0</value>
         <object_component_ref idref="oc-3b8"/>
      </symbol>
      <symbol id="sm-548">
         <name>MCANA_ECC_ISR</name>
         <value>0x899a</value>
         <object_component_ref idref="oc-37c"/>
      </symbol>
      <symbol id="sm-549">
         <name>ADCB_EVT_ISR</name>
         <value>0x8695</value>
         <object_component_ref idref="oc-274"/>
      </symbol>
      <symbol id="sm-54a">
         <name>EPWM8_ISR</name>
         <value>0x88aa</value>
         <object_component_ref idref="oc-1a8"/>
      </symbol>
      <symbol id="sm-54b">
         <name>EMU_ISR</name>
         <value>0x8814</value>
         <object_component_ref idref="oc-ca"/>
      </symbol>
      <symbol id="sm-54c">
         <name>USER11_ISR</name>
         <value>0x8ae4</value>
         <object_component_ref idref="oc-118"/>
      </symbol>
      <symbol id="sm-54d">
         <name>SDFM1DR2_ISR</name>
         <value>0x8a30</value>
         <object_component_ref idref="oc-304"/>
      </symbol>
      <symbol id="sm-54e">
         <name>USER4_ISR</name>
         <value>0x8b16</value>
         <object_component_ref idref="oc-ee"/>
      </symbol>
      <symbol id="sm-54f">
         <name>SDFM2_ISR</name>
         <value>0x8a80</value>
         <object_component_ref idref="oc-2f8"/>
      </symbol>
      <symbol id="sm-550">
         <name>BGCRC_ISR</name>
         <value>0x86e5</value>
         <object_component_ref idref="oc-388"/>
      </symbol>
      <symbol id="sm-551">
         <name>SCIA_RX_ISR</name>
         <value>0x89fe</value>
         <object_component_ref idref="oc-238"/>
      </symbol>
      <symbol id="sm-552">
         <name>SCIA_TX_ISR</name>
         <value>0x8a08</value>
         <object_component_ref idref="oc-23e"/>
      </symbol>
      <symbol id="sm-553">
         <name>CLB2_ISR</name>
         <value>0x8771</value>
         <object_component_ref idref="oc-1d2"/>
      </symbol>
      <symbol id="sm-554">
         <name>ECAP1_ISR</name>
         <value>0x87e9</value>
         <object_component_ref idref="oc-1ae"/>
      </symbol>
      <symbol id="sm-555">
         <name>ADCA4_ISR</name>
         <value>0x8659</value>
         <object_component_ref idref="oc-26e"/>
      </symbol>
      <symbol id="sm-556">
         <name>FPU_OVERFLOW_ISR</name>
         <value>0x88e6</value>
         <object_component_ref idref="oc-2da"/>
      </symbol>
      <symbol id="sm-557">
         <name>ADCC4_ISR</name>
         <value>0x86bd</value>
         <object_component_ref idref="oc-3a6"/>
      </symbol>
      <symbol id="sm-558">
         <name>ADCB4_ISR</name>
         <value>0x868b</value>
         <object_component_ref idref="oc-286"/>
      </symbol>
      <symbol id="sm-559">
         <name>FSITXA2_ISR</name>
         <value>0x8918</value>
         <object_component_ref idref="oc-334"/>
      </symbol>
      <symbol id="sm-55a">
         <name>EPWM7_ISR</name>
         <value>0x8896</value>
         <object_component_ref idref="oc-1a2"/>
      </symbol>
      <symbol id="sm-55b">
         <name>USER10_ISR</name>
         <value>0x8ada</value>
         <object_component_ref idref="oc-112"/>
      </symbol>
      <symbol id="sm-55c">
         <name>SDFM1DR3_ISR</name>
         <value>0x8a3a</value>
         <object_component_ref idref="oc-30a"/>
      </symbol>
      <symbol id="sm-55d">
         <name>XINT1_ISR</name>
         <value>0x8b5c</value>
         <object_component_ref idref="oc-136"/>
      </symbol>
      <symbol id="sm-55e">
         <name>USER7_ISR</name>
         <value>0x8b34</value>
         <object_component_ref idref="oc-100"/>
      </symbol>
      <symbol id="sm-55f">
         <name>CLA1_1_ISR</name>
         <value>0x8703</value>
         <object_component_ref idref="oc-28c"/>
      </symbol>
      <symbol id="sm-560">
         <name>MCANA_WAKE_ISR</name>
         <value>0x89a4</value>
         <object_component_ref idref="oc-382"/>
      </symbol>
      <symbol id="sm-561">
         <name>USER9_ISR</name>
         <value>0x8b48</value>
         <object_component_ref idref="oc-10c"/>
      </symbol>
      <symbol id="sm-562">
         <name>CLB3_ISR</name>
         <value>0x877b</value>
         <object_component_ref idref="oc-1d8"/>
      </symbol>
      <symbol id="sm-563">
         <name>ECAP2_ISR</name>
         <value>0x87f3</value>
         <object_component_ref idref="oc-1b4"/>
      </symbol>
      <symbol id="sm-564">
         <name>EPWM5_TZ_ISR</name>
         <value>0x8878</value>
         <object_component_ref idref="oc-166"/>
      </symbol>
      <symbol id="sm-565">
         <name>I2CB_FIFO_ISR</name>
         <value>0x8940</value>
         <object_component_ref idref="oc-232"/>
      </symbol>
      <symbol id="sm-566">
         <name>SDFM2DR4_ISR</name>
         <value>0x8a76</value>
         <object_component_ref idref="oc-328"/>
      </symbol>
      <symbol id="sm-567">
         <name>DMA_CH1_ISR</name>
         <value>0x87ad</value>
         <object_component_ref idref="oc-1fc"/>
      </symbol>
      <symbol id="sm-568">
         <name>CLA1_8_ISR</name>
         <value>0x8749</value>
         <object_component_ref idref="oc-2b6"/>
      </symbol>
      <symbol id="sm-569">
         <name>USER6_ISR</name>
         <value>0x8b2a</value>
         <object_component_ref idref="oc-fa"/>
      </symbol>
      <symbol id="sm-56a">
         <name>CLA1_2_ISR</name>
         <value>0x870d</value>
         <object_component_ref idref="oc-292"/>
      </symbol>
      <symbol id="sm-56b">
         <name>USER8_ISR</name>
         <value>0x8b3e</value>
         <object_component_ref idref="oc-106"/>
      </symbol>
      <symbol id="sm-56c">
         <name>CLB4_ISR</name>
         <value>0x8785</value>
         <object_component_ref idref="oc-1de"/>
      </symbol>
      <symbol id="sm-56d">
         <name>SPIB_RX_ISR</name>
         <value>0x8a9e</value>
         <object_component_ref idref="oc-1f0"/>
      </symbol>
      <symbol id="sm-56e">
         <name>SPIB_TX_ISR</name>
         <value>0x8aa8</value>
         <object_component_ref idref="oc-1f6"/>
      </symbol>
      <symbol id="sm-56f">
         <name>ECAP3_ISR</name>
         <value>0x880a</value>
         <object_component_ref idref="oc-1ba"/>
      </symbol>
      <symbol id="sm-570">
         <name>EPWM1_ISR</name>
         <value>0x881e</value>
         <object_component_ref idref="oc-17e"/>
      </symbol>
      <symbol id="sm-571">
         <name>DMA_CH2_ISR</name>
         <value>0x87b7</value>
         <object_component_ref idref="oc-202"/>
      </symbol>
      <symbol id="sm-572">
         <name>USER12_ISR</name>
         <value>0x8aee</value>
         <object_component_ref idref="oc-11e"/>
      </symbol>
      <symbol id="sm-573">
         <name>XINT3_ISR</name>
         <value>0x8b70</value>
         <object_component_ref idref="oc-2bc"/>
      </symbol>
      <symbol id="sm-574">
         <name>USER1_ISR</name>
         <value>0x8af8</value>
         <object_component_ref idref="oc-dc"/>
      </symbol>
      <symbol id="sm-575">
         <name>CLA1_3_ISR</name>
         <value>0x8717</value>
         <object_component_ref idref="oc-298"/>
      </symbol>
      <symbol id="sm-576">
         <name>I2CA_ISR</name>
         <value>0x8936</value>
         <object_component_ref idref="oc-220"/>
      </symbol>
      <symbol id="sm-577">
         <name>HICA_ISR</name>
         <value>0x8922</value>
         <object_component_ref idref="oc-38e"/>
      </symbol>
      <symbol id="sm-578">
         <name>CANA0_ISR</name>
         <value>0x86ef</value>
         <object_component_ref idref="oc-250"/>
      </symbol>
      <symbol id="sm-579">
         <name>LINB_0_ISR</name>
         <value>0x8972</value>
         <object_component_ref idref="oc-358"/>
      </symbol>
      <symbol id="sm-57a">
         <name>FSIRXA1_ISR</name>
         <value>0x88fa</value>
         <object_component_ref idref="oc-33a"/>
      </symbol>
      <symbol id="sm-57b">
         <name>EPWM1_TZ_ISR</name>
         <value>0x8828</value>
         <object_component_ref idref="oc-14e"/>
      </symbol>
      <symbol id="sm-57c">
         <name>I2CA_FIFO_ISR</name>
         <value>0x892c</value>
         <object_component_ref idref="oc-226"/>
      </symbol>
      <symbol id="sm-57d">
         <name>EPWM2_ISR</name>
         <value>0x8832</value>
         <object_component_ref idref="oc-184"/>
      </symbol>
      <symbol id="sm-57e">
         <name>SDFM1DR4_ISR</name>
         <value>0x8a44</value>
         <object_component_ref idref="oc-310"/>
      </symbol>
      <symbol id="sm-57f">
         <name>DMA_CH3_ISR</name>
         <value>0x87c1</value>
         <object_component_ref idref="oc-208"/>
      </symbol>
      <symbol id="sm-580">
         <name>FMC_ISR</name>
         <value>0x88dc</value>
         <object_component_ref idref="oc-2d4"/>
      </symbol>
      <symbol id="sm-581">
         <name>ADCC_EVT_ISR</name>
         <value>0x86c7</value>
         <object_component_ref idref="oc-394"/>
      </symbol>
      <symbol id="sm-582">
         <name>DATALOG_ISR</name>
         <value>0x878f</value>
         <object_component_ref idref="oc-be"/>
      </symbol>
      <symbol id="sm-583">
         <name>XINT2_ISR</name>
         <value>0x8b66</value>
         <object_component_ref idref="oc-13c"/>
      </symbol>
      <symbol id="sm-584">
         <name>MCANA_0_ISR</name>
         <value>0x8986</value>
         <object_component_ref idref="oc-370"/>
      </symbol>
      <symbol id="sm-585">
         <name>AES_SINTREQUEST_ISR</name>
         <value>0x86d1</value>
         <object_component_ref idref="oc-3be"/>
      </symbol>
      <symbol id="sm-586">
         <name>PIE_RESERVED_ISR</name>
         <value>0x89cc</value>
         <object_component_ref idref="oc-3d6"/>
      </symbol>
      <symbol id="sm-587">
         <name>SCIB_RX_ISR</name>
         <value>0x8a12</value>
         <object_component_ref idref="oc-244"/>
      </symbol>
      <symbol id="sm-588">
         <name>FLASH_CORR_ERR_ISR</name>
         <value>0x88d2</value>
         <object_component_ref idref="oc-3b2"/>
      </symbol>
      <symbol id="sm-589">
         <name>SCIB_TX_ISR</name>
         <value>0x8a1c</value>
         <object_component_ref idref="oc-24a"/>
      </symbol>
      <symbol id="sm-58a">
         <name>I2CB_ISR</name>
         <value>0x894a</value>
         <object_component_ref idref="oc-22c"/>
      </symbol>
      <symbol id="sm-58b">
         <name>CANA1_ISR</name>
         <value>0x86f9</value>
         <object_component_ref idref="oc-256"/>
      </symbol>
      <symbol id="sm-58c">
         <name>LINB_1_ISR</name>
         <value>0x897c</value>
         <object_component_ref idref="oc-35e"/>
      </symbol>
      <symbol id="sm-58d">
         <name>FSIRXA2_ISR</name>
         <value>0x8904</value>
         <object_component_ref idref="oc-340"/>
      </symbol>
      <symbol id="sm-58e">
         <name>ILLEGAL_ISR</name>
         <value>0x8954</value>
         <object_component_ref idref="oc-d6"/>
      </symbol>
      <symbol id="sm-58f">
         <name>EPWM3_ISR</name>
         <value>0x8846</value>
         <object_component_ref idref="oc-18a"/>
      </symbol>
      <symbol id="sm-590">
         <name>TIMER0_ISR</name>
         <value>0x8abc</value>
         <object_component_ref idref="oc-142"/>
      </symbol>
      <symbol id="sm-591">
         <name>BGCRC_CLA1_ISR</name>
         <value>0x86db</value>
         <object_component_ref idref="oc-3c4"/>
      </symbol>
      <symbol id="sm-592">
         <name>USER3_ISR</name>
         <value>0x8b0c</value>
         <object_component_ref idref="oc-e8"/>
      </symbol>
      <symbol id="sm-593">
         <name>MCANA_1_ISR</name>
         <value>0x8990</value>
         <object_component_ref idref="oc-376"/>
      </symbol>
      <symbol id="sm-5c8">
         <name>ClkCfgRegs</name>
         <value>0x5d200</value>
         <object_component_ref idref="oc-5ae"/>
      </symbol>
      <symbol id="sm-5c9">
         <name>PieVectTable</name>
         <value>0xd00</value>
         <object_component_ref idref="oc-594"/>
      </symbol>
      <symbol id="sm-5ca">
         <name>GpioCtrlRegs</name>
         <value>0x7c00</value>
         <object_component_ref idref="oc-585"/>
      </symbol>
      <symbol id="sm-5cb">
         <name>Dcc0Regs</name>
         <value>0x5e700</value>
         <object_component_ref idref="oc-5f6"/>
      </symbol>
      <symbol id="sm-5cc">
         <name>CpuSysRegs</name>
         <value>0x5d300</value>
         <object_component_ref idref="oc-5d0"/>
      </symbol>
      <symbol id="sm-5cd">
         <name>Dcc1Regs</name>
         <value>0x5e740</value>
         <object_component_ref idref="oc-5f9"/>
      </symbol>
      <symbol id="sm-5ce">
         <name>PieCtrlRegs</name>
         <value>0xce0</value>
         <object_component_ref idref="oc-58f"/>
      </symbol>
      <symbol id="sm-5cf">
         <name>WdRegs</name>
         <value>0x7000</value>
         <object_component_ref idref="oc-5aa"/>
      </symbol>
      <symbol id="sm-5d0">
         <name>GpioDataRegs</name>
         <value>0x7f00</value>
         <object_component_ref idref="oc-588"/>
      </symbol>
      <symbol id="sm-604">
         <name>GPIO_SetupPinMux</name>
         <value>0x8218</value>
         <object_component_ref idref="oc-534"/>
      </symbol>
      <symbol id="sm-605">
         <name>GPIO_WritePin</name>
         <value>0x8589</value>
         <object_component_ref idref="oc-54c"/>
      </symbol>
      <symbol id="sm-606">
         <name>GPIO_SetupPinOptions</name>
         <value>0x8186</value>
         <object_component_ref idref="oc-53a"/>
      </symbol>
      <symbol id="sm-607">
         <name>InitGpio</name>
         <value>0x8418</value>
         <object_component_ref idref="oc-52e"/>
      </symbol>
      <symbol id="sm-614">
         <name>InitPieCtrl</name>
         <value>0x856a</value>
         <object_component_ref idref="oc-540"/>
      </symbol>
      <symbol id="sm-628">
         <name>InitPieVectTable</name>
         <value>0x8505</value>
         <object_component_ref idref="oc-546"/>
      </symbol>
      <symbol id="sm-629">
         <name>PieVectTableInit</name>
         <value>0xa800</value>
         <object_component_ref idref="oc-b5"/>
      </symbol>
      <symbol id="sm-6a6">
         <name>ComputeCntrSeedValue</name>
         <value>0x832a</value>
         <object_component_ref idref="oc-601"/>
      </symbol>
      <symbol id="sm-6a7">
         <name>IsPLLValid</name>
         <value>0x80e6</value>
         <object_component_ref idref="oc-5c9"/>
      </symbol>
      <symbol id="sm-6a8">
         <name>InitPeripheralClocks</name>
         <value>0x83a1</value>
         <object_component_ref idref="oc-57d"/>
      </symbol>
      <symbol id="sm-6a9">
         <name>SysIntOsc1Sel</name>
         <value>0x8b8e</value>
         <object_component_ref idref="oc-5b1"/>
      </symbol>
      <symbol id="sm-6aa">
         <name>SysXtalOscSel</name>
         <value>0x852a</value>
         <object_component_ref idref="oc-5bd"/>
      </symbol>
      <symbol id="sm-6ab">
         <name>SysXtalOscSESel</name>
         <value>0x85d9</value>
         <object_component_ref idref="oc-5c3"/>
      </symbol>
      <symbol id="sm-6ac">
         <name>InitSysCtrl</name>
         <value>0x85ee</value>
         <object_component_ref idref="oc-528"/>
      </symbol>
      <symbol id="sm-6ad">
         <name>DisableDog</name>
         <value>0x8614</value>
         <object_component_ref idref="oc-571"/>
      </symbol>
      <symbol id="sm-6ae">
         <name>InitSysPll</name>
         <value>0x8000</value>
         <object_component_ref idref="oc-577"/>
      </symbol>
      <symbol id="sm-6af">
         <name>SysIntOsc2Sel</name>
         <value>0x8bb0</value>
         <object_component_ref idref="oc-5b7"/>
      </symbol>
      <symbol id="sm-6b8">
         <name>F28x_usDelay</name>
         <value>0x128</value>
         <object_component_ref idref="oc-552"/>
      </symbol>
      <symbol id="sm-6c6">
         <name>main</name>
         <value>0x8483</value>
         <object_component_ref idref="oc-500"/>
      </symbol>
      <symbol id="sm-6d0">
         <name>_c_int00</name>
         <value>0x85c2</value>
         <object_component_ref idref="oc-4a3"/>
      </symbol>
      <symbol id="sm-6d1">
         <name>__stack</name>
         <value>0x400</value>
         <object_component_ref idref="oc-3e8"/>
      </symbol>
      <symbol id="sm-6de">
         <name>__c28xabi_divf</name>
         <value>0x82a2</value>
         <object_component_ref idref="oc-5fc"/>
      </symbol>
      <symbol id="sm-6ec">
         <name>_system_pre_init</name>
         <value>0x87fd</value>
         <object_component_ref idref="oc-4b7"/>
      </symbol>
      <symbol id="sm-6fb">
         <name>__TI_auto_init_nobinit_nopinit</name>
         <value>0x84b1</value>
         <object_component_ref idref="oc-4d0"/>
      </symbol>
      <symbol id="sm-70a">
         <name>__TI_zero_init_nomemset</name>
         <value>0x862e</value>
         <object_component_ref idref="oc-3f3"/>
      </symbol>
      <symbol id="sm-717">
         <name>__TI_decompress_none</name>
         <value>0x8ba0</value>
         <object_component_ref idref="oc-a3"/>
      </symbol>
      <symbol id="sm-72b">
         <name>__TI_decompress_lzss</name>
         <value>0x8455</value>
         <object_component_ref idref="oc-9d"/>
      </symbol>
      <symbol id="sm-741">
         <name>C$$EXIT</name>
         <value>0x84dc</value>
         <object_component_ref idref="oc-4c4"/>
      </symbol>
      <symbol id="sm-742">
         <name>abort</name>
         <value>0x84dc</value>
         <object_component_ref idref="oc-4c4"/>
      </symbol>
      <symbol id="sm-743">
         <name>exit</name>
         <value>0x84de</value>
         <object_component_ref idref="oc-4c4"/>
      </symbol>
      <symbol id="sm-744">
         <name>__TI_dtors_ptr</name>
         <value>0xa9c4</value>
         <object_component_ref idref="oc-508"/>
      </symbol>
      <symbol id="sm-745">
         <name>__TI_cleanup_ptr</name>
         <value>0xa9c2</value>
         <object_component_ref idref="oc-508"/>
      </symbol>
      <symbol id="sm-746">
         <name>__TI_enable_exit_profile_output</name>
         <value>0xa9c0</value>
         <object_component_ref idref="oc-508"/>
      </symbol>
      <symbol id="sm-75d">
         <name>_nop</name>
         <value>0x8b9f</value>
         <object_component_ref idref="oc-55e"/>
      </symbol>
      <symbol id="sm-75e">
         <name>_lock</name>
         <value>0xa9c6</value>
         <object_component_ref idref="oc-50b"/>
      </symbol>
      <symbol id="sm-75f">
         <name>_unlock</name>
         <value>0xa9c8</value>
         <object_component_ref idref="oc-59d"/>
      </symbol>
      <symbol id="sm-760">
         <name>_register_lock</name>
         <value>0x8b9b</value>
         <object_component_ref idref="oc-55e"/>
      </symbol>
      <symbol id="sm-761">
         <name>_register_unlock</name>
         <value>0x8b97</value>
         <object_component_ref idref="oc-55e"/>
      </symbol>
      <symbol id="sm-770">
         <name>_args_main</name>
         <value>0x8602</value>
         <object_component_ref idref="oc-4be"/>
      </symbol>
      <symbol id="sm-784">
         <name>memcpy</name>
         <value>0x854a</value>
         <object_component_ref idref="oc-3eb"/>
      </symbol>
      <symbol id="sm-791">
         <name>_system_post_cinit</name>
         <value>0x87ff</value>
         <object_component_ref idref="oc-513"/>
      </symbol>
   </symbol_table>
   <title>Link successful</title>
</link_info>
